Component: ARM Compiler 5.06 update 6 (build 750) Tool: armlink [4d35ed]

==============================================================================

Section Cross References

    main.o(i.main) refers to gpio.o(i.GPIO_LED_Init) for GPIO_LED_Init
    main.o(i.main) refers to gpio.o(i.GPIO_KEY_Init) for GPIO_KEY_Init
    main.o(i.main) refers to gpio.o(i.GPIO_beep_init) for GPIO_beep_init
    main.o(i.main) refers to motor.o(i.PWM_Init) for PWM_Init
    main.o(i.main) refers to sys.o(i.mysys_init) for mysys_init
    main.o(i.main) refers to adc.o(i.adc_init) for adc_init
    main.o(i.main) refers to lcd.o(i.TFTSPI_Init) for TFTSPI_Init
    main.o(i.main) refers to lcd.o(i.TFTSPI_CLS) for TFTSPI_CLS
    main.o(i.main) refers to encoder.o(i.encoder_init) for encoder_init
    main.o(i.main) refers to bluetooth.o(i.Bluetooth_Init) for Bluetooth_Init
    main.o(i.main) refers to i2c_mpu9250.o(i.MPU9250_Set_LPF) for MPU9250_Set_LPF
    main.o(i.main) refers to i2c_mpu9250.o(i.MPU9250_Init) for MPU9250_Init
    main.o(i.main) refers to my_multi_button.o(i.my_button_init) for my_button_init
    main.o(i.main) refers to gpio.o(i.beep_briefly_on) for beep_briefly_on
    main.o(i.main) refers to timer.o(i.TIMER_InitConfig) for TIMER_InitConfig
    main.o(i.main) refers to data_transfer.o(i.ANO_DT_Data_Exchange) for ANO_DT_Data_Exchange
    main.o(i.main) refers to sys.o(i.delayms) for delayms
    hal_adc.o(i.ADC_DeInit) refers to hal_rcc.o(i.RCC_APB2PeriphResetCmd) for RCC_APB2PeriphResetCmd
    hal_div.o(i.Divider_Calc) refers to aeabi_sdiv.o(.text) for __aeabi_uidivmod
    hal_flash.o(i.FLASH_EnableWriteProtection) refers to hal_flash.o(i.FLASH_WaitForLastOperation) for FLASH_WaitForLastOperation
    hal_flash.o(i.FLASH_EraseAllPages) refers to hal_flash.o(i.FLASH_WaitForLastOperation) for FLASH_WaitForLastOperation
    hal_flash.o(i.FLASH_EraseOptionBlock) refers to hal_flash.o(i.FLASH_WaitForLastOperation) for FLASH_WaitForLastOperation
    hal_flash.o(i.FLASH_EraseOptionBytes) refers to hal_flash.o(i.FLASH_WaitForLastOperation) for FLASH_WaitForLastOperation
    hal_flash.o(i.FLASH_ErasePage) refers to hal_flash.o(i.FLASH_WaitForLastOperation) for FLASH_WaitForLastOperation
    hal_flash.o(i.FLASH_ProgramHalfWord) refers to hal_flash.o(i.FLASH_WaitForLastOperation) for FLASH_WaitForLastOperation
    hal_flash.o(i.FLASH_ProgramOptionByteData) refers to hal_flash.o(i.FLASH_WaitForLastOperation) for FLASH_WaitForLastOperation
    hal_flash.o(i.FLASH_ProgramOptionHalfWord) refers to hal_flash.o(i.FLASH_WaitForLastOperation) for FLASH_WaitForLastOperation
    hal_flash.o(i.FLASH_ProgramWord) refers to hal_flash.o(i.FLASH_WaitForLastOperation) for FLASH_WaitForLastOperation
    hal_flash.o(i.FLASH_UserOptionByteConfig) refers to hal_flash.o(i.FLASH_WaitForLastOperation) for FLASH_WaitForLastOperation
    hal_flash.o(i.FLASH_WaitForLastOperation) refers to hal_flash.o(i.FLASH_GetStatus) for FLASH_GetStatus
    hal_flash.o(i.FLASH_WaitForLastOperation) refers to hal_flash.o(i.delay) for delay
    hal_gpio.o(i.GPIO_DeInit) refers to hal_rcc.o(i.RCC_AHBPeriphClockCmd) for RCC_AHBPeriphClockCmd
    hal_i2c.o(i.I2C_CheckEvent) refers to hal_i2c.o(.data) for I2C_CMD_DIR
    hal_i2c.o(i.I2C_DMACmd) refers to hal_i2c.o(.data) for I2C_DMA_DIR
    hal_i2c.o(i.I2C_DeInit) refers to hal_rcc.o(i.RCC_APB1PeriphResetCmd) for RCC_APB1PeriphResetCmd
    hal_i2c.o(i.I2C_GetFlagStatus) refers to hal_i2c.o(.data) for I2C_CMD_DIR
    hal_i2c.o(i.I2C_Init) refers to hal_rcc.o(i.RCC_GetClocksFreq) for RCC_GetClocksFreq
    hal_i2c.o(i.I2C_Init) refers to aeabi_sdiv.o(.text) for __aeabi_uidivmod
    hal_i2c.o(i.I2C_ReceiveData) refers to hal_i2c.o(.data) for I2C_CMD_DIR
    hal_pwr.o(i.PWR_DeInit) refers to hal_rcc.o(i.RCC_APB1PeriphResetCmd) for RCC_APB1PeriphResetCmd
    hal_rcc.o(i.RCC_GetClocksFreq) refers to aeabi_sdiv.o(.text) for __aeabi_uidivmod
    hal_rcc.o(i.RCC_GetClocksFreq) refers to hal_rcc.o(.data) for APBAHBPrescTable
    hal_rcc.o(i.RCC_PLLConfig) refers to hal_rcc.o(i.RCC_PLLDMDNConfig) for RCC_PLLDMDNConfig
    hal_rcc.o(i.RCC_WaitForHSEStartUp) refers to hal_rcc.o(i.RCC_GetFlagStatus) for RCC_GetFlagStatus
    hal_spi.o(i.SPI_DeInit) refers to hal_rcc.o(i.RCC_APB1PeriphResetCmd) for RCC_APB1PeriphResetCmd
    hal_spi.o(i.SPI_DeInit) refers to hal_rcc.o(i.RCC_APB2PeriphResetCmd) for RCC_APB2PeriphResetCmd
    hal_tim.o(i.TIM_DeInit) refers to hal_rcc.o(i.RCC_APB2PeriphResetCmd) for RCC_APB2PeriphResetCmd
    hal_tim.o(i.TIM_DeInit) refers to hal_rcc.o(i.RCC_APB1PeriphResetCmd) for RCC_APB1PeriphResetCmd
    hal_tim.o(i.TIM_ETRClockMode1Config) refers to hal_tim.o(i.TIM_ETRConfig) for TIM_ETRConfig
    hal_tim.o(i.TIM_ETRClockMode2Config) refers to hal_tim.o(i.TIM_ETRConfig) for TIM_ETRConfig
    hal_tim.o(i.TIM_ICInit) refers to hal_tim.o(i.TI1_Config) for TI1_Config
    hal_tim.o(i.TIM_ICInit) refers to hal_tim.o(i.TIM_SetIC1Prescaler) for TIM_SetIC1Prescaler
[...]
    __rt_exit_exit                           0x08000135   Thumb Code     0  rtexit2.o(.ARM.Collect$$rtexit$$00000004)
    Reset_Handler                            0x0800013d   Thumb Code    50  startup_mm32spin2xx_p.o(.text)
    NMI_Handler                              0x0800016f   Thumb Code     2  startup_mm32spin2xx_p.o(.text)
    HardFault_Handler                        0x08000171   Thumb Code     2  startup_mm32spin2xx_p.o(.text)
    MemManage_Handler                        0x08000173   Thumb Code     2  startup_mm32spin2xx_p.o(.text)
    BusFault_Handler                         0x08000175   Thumb Code     2  startup_mm32spin2xx_p.o(.text)
    UsageFault_Handler                       0x08000177   Thumb Code     2  startup_mm32spin2xx_p.o(.text)
    SVC_Handler                              0x08000179   Thumb Code     2  startup_mm32spin2xx_p.o(.text)
    DebugMon_Handler                         0x0800017b   Thumb Code     2  startup_mm32spin2xx_p.o(.text)
    PendSV_Handler                           0x0800017d   Thumb Code     2  startup_mm32spin2xx_p.o(.text)
    ADC1_IRQHandler                          0x08000181   Thumb Code     0  startup_mm32spin2xx_p.o(.text)
    ADC2_IRQHandler                          0x08000181   Thumb Code     0  startup_mm32spin2xx_p.o(.text)
    COMP1_2_3_4_5_IRQHandler                 0x08000181   Thumb Code     0  startup_mm32spin2xx_p.o(.text)
    DMA1_Channel1_IRQHandler                 0x08000181   Thumb Code     0  startup_mm32spin2xx_p.o(.text)
    DMA1_Channel2_3_IRQHandler               0x08000181   Thumb Code     0  startup_mm32spin2xx_p.o(.text)
    DMA1_Channel4_5_IRQHandler               0x08000181   Thumb Code     0  startup_mm32spin2xx_p.o(.text)
    EXTI0_1_IRQHandler                       0x08000181   Thumb Code     0  startup_mm32spin2xx_p.o(.text)
    EXTI2_3_IRQHandler                       0x08000181   Thumb Code     0  startup_mm32spin2xx_p.o(.text)
    EXTI4_15_IRQHandler                      0x08000181   Thumb Code     0  startup_mm32spin2xx_p.o(.text)
    FLASH_IRQHandler                         0x08000181   Thumb Code     0  startup_mm32spin2xx_p.o(.text)
    HWDIV_IRQHandler                         0x08000181   Thumb Code     0  startup_mm32spin2xx_p.o(.text)
    I2C1_IRQHandler                          0x08000181   Thumb Code     0  startup_mm32spin2xx_p.o(.text)
    PVD_IRQHandler                           0x08000181   Thumb Code     0  startup_mm32spin2xx_p.o(.text)
    PWM_IRQHandler                           0x08000181   Thumb Code     0  startup_mm32spin2xx_p.o(.text)
    RCC_IRQHandler                           0x08000181   Thumb Code     0  startup_mm32spin2xx_p.o(.text)
    SPI1_IRQHandler                          0x08000181   Thumb Code     0  startup_mm32spin2xx_p.o(.text)
    SPI2_IRQHandler                          0x08000181   Thumb Code     0  startup_mm32spin2xx_p.o(.text)
    TIM1_CC_IRQHandler                       0x08000181   Thumb Code     0  startup_mm32spin2xx_p.o(.text)
    TIM2_IRQHandler                          0x08000181   Thumb Code     0  startup_mm32spin2xx_p.o(.text)
    TIM3_IRQHandler                          0x08000181   Thumb Code     0  startup_mm32spin2xx_p.o(.text)
    TIM8_BRK_UP_TRG_COM_IRQHandler           0x08000181   Thumb Code     0  startup_mm32spin2xx_p.o(.text)
    TIM8_CC_IRQHandler                       0x08000181   Thumb Code     0  startup_mm32spin2xx_p.o(.text)
    UART2_IRQHandler                         0x08000181   Thumb Code     0  startup_mm32spin2xx_p.o(.text)
    WWDG_IRQHandler                          0x08000181   Thumb Code     0  startup_mm32spin2xx_p.o(.text)
    __user_initial_stackheap                 0x08000185   Thumb Code     0  startup_mm32spin2xx_p.o(.text)
    __aeabi_uldivmod                         0x080001cd   Thumb Code   258  lludiv.o(.text)
    _ll_udiv                                 0x080001cd   Thumb Code     0  lludiv.o(.text)
    strlen                                   0x080002d1   Thumb Code    62  strlen.o(.text)
    strncmp                                  0x08000315   Thumb Code   154  strncmp.o(.text)
    _memset_w                                0x080003b5   Thumb Code    26  rt_memclr.o(.text)
    _memset                                  0x080003cf   Thumb Code    30  rt_memclr.o(.text)
    __aeabi_memclr                           0x080003ed   Thumb Code     4  rt_memclr.o(.text)
    __rt_memclr                              0x080003ed   Thumb Code     0  rt_memclr.o(.text)
    __aeabi_memclr4                          0x080003f1   Thumb Code     0  rt_memclr.o(.text)
    __aeabi_memclr8                          0x080003f1   Thumb Code     0  rt_memclr.o(.text)
    __rt_memclr_w                            0x080003f1   Thumb Code     4  rt_memclr.o(.text)
    strcmp                                   0x080003f5   Thumb Code   132  strcmp.o(.text)
    __aeabi_uidiv                            0x0800047d   Thumb Code     0  aeabi_sdiv.o(.text)
    __aeabi_uidivmod                         0x0800047d   Thumb Code    20  aeabi_sdiv.o(.text)
    __aeabi_idiv                             0x08000491   Thumb Code     0  aeabi_sdiv.o(.text)
    __aeabi_idivmod                          0x08000491   Thumb Code   326  aeabi_sdiv.o(.text)
    __use_two_region_memory                  0x080005d7   Thumb Code     2  heapauxi.o(.text)
    __rt_heap_escrow$2region                 0x080005d9   Thumb Code     2  heapauxi.o(.text)
    __rt_heap_expand$2region                 0x080005db   Thumb Code     2  heapauxi.o(.text)
    __aeabi_d2f                              0x080005dd   Thumb Code     0  d2f.o(.text)
    _d2f                                     0x080005dd   Thumb Code   120  d2f.o(.text)
    __aeabi_dadd                             0x08000951   Thumb Code     0  daddsub.o(.text)
    _dadd                                    0x08000951   Thumb Code    26  daddsub.o(.text)
    __aeabi_dsub                             0x0800096b   Thumb Code     0  daddsub.o(.text)
    _dsub                                    0x0800096b   Thumb Code    22  daddsub.o(.text)
    __aeabi_drsub                            0x08000981   Thumb Code     0  daddsub.o(.text)
    _drsb                                    0x08000981   Thumb Code    28  daddsub.o(.text)
    __aeabi_ddiv                             0x080009b1   Thumb Code     0  ddiv.o(.text)
    _ddiv                                    0x080009b1   Thumb Code  1072  ddiv.o(.text)
    _drdiv                                   0x08000de1   Thumb Code    20  ddiv.o(.text)
    __aeabi_d2iz                             0x08000df9   Thumb Code     0  dfixi.o(.text)
    _dfix                                    0x08000df9   Thumb Code    98  dfixi.o(.text)
    __aeabi_i2d_normalise                    0x08000e65   Thumb Code    66  dflti.o(.text)
    __aeabi_i2d                              0x08000ea7   Thumb Code    16  dflti.o(.text)
    _dflt                                    0x08000ea7   Thumb Code     0  dflti.o(.text)
    __aeabi_ui2d                             0x08000eb7   Thumb Code     6  dflti.o(.text)
    _dfltu                                   0x08000eb7   Thumb Code     0  dflti.o(.text)
    __aeabi_dmul                             0x08000ebd   Thumb Code     0  dmul.o(.text)
    _dmul                                    0x08000ebd   Thumb Code   558  dmul.o(.text)
    __aeabi_f2d                              0x08001105   Thumb Code     0  f2d.o(.text)
    _f2d                                     0x08001105   Thumb Code    80  f2d.o(.text)
    __aeabi_fdiv                             0x08001159   Thumb Code     0  fdiv.o(.text)
    _fdiv                                    0x08001159   Thumb Code   334  fdiv.o(.text)
    _frdiv                                   0x080012a7   Thumb Code     8  fdiv.o(.text)
    __aeabi_f2iz                             0x080012b9   Thumb Code     0  ffixi.o(.text)
    _ffix                                    0x080012b9   Thumb Code    76  ffixi.o(.text)
    __aeabi_i2f_normalise                    0x08001305   Thumb Code    72  fflti.o(.text)
    __aeabi_i2f                              0x0800134d   Thumb Code    16  fflti.o(.text)
    _fflt                                    0x0800134d   Thumb Code     0  fflti.o(.text)
    __aeabi_ui2f                             0x0800135d   Thumb Code     6  fflti.o(.text)
    _ffltu                                   0x0800135d   Thumb Code     0  fflti.o(.text)
    __read_errno                             0x08001363   Thumb Code    10  _rserrno.o(.text)
    __set_errno                              0x0800136d   Thumb Code    12  _rserrno.o(.text)
    __fpl_dcmp_InfNaN                        0x08001379   Thumb Code   140  dcmpin.o(.text)
    __ARM_scalbn                             0x08001409   Thumb Code    84  dscalbn.o(.text)
    _dsqrt                                   0x08001469   Thumb Code   248  dsqrt.o(.text)
    __fpl_fcmp_InfNaN                        0x08001569   Thumb Code    96  fcmpin.o(.text)
    __aeabi_errno_addr                       0x080015cd   Thumb Code     8  rt_errno_addr_intlibspace.o(.text)
    __errno$intlibspace                      0x080015cd   Thumb Code     0  rt_errno_addr_intlibspace.o(.text)
    __rt_errno_addr$intlibspace              0x080015cd   Thumb Code     0  rt_errno_addr_intlibspace.o(.text)
    __fpl_cmpreturn                          0x080015d5   Thumb Code    46  cmpret.o(.text)
    __fpl_dcheck_NaN2                        0x08001605   Thumb Code    14  dnan2.o(.text)
    __fpl_fcheck_NaN2                        0x08001619   Thumb Code    10  fnan2.o(.text)
    __user_libspace                          0x08001629   Thumb Code     8  libspace.o(.text)
    __user_perproc_libspace                  0x08001629   Thumb Code     0  libspace.o(.text)
    __user_perthread_libspace                0x08001629   Thumb Code     0  libspace.o(.text)
    __user_setup_stackheap                   0x08001631   Thumb Code    62  sys_stackheap_outer.o(.text)
    exit                                     0x0800166f   Thumb Code    16  exit.o(.text)
    __fpl_return_NaN                         0x0800167f   Thumb Code    94  retnan.o(.text)
    _sys_exit                                0x080016dd   Thumb Code     8  sys_exit.o(.text)
    __I$use$semihosting                      0x080016e9   Thumb Code     0  use_no_semi.o(.text)
    __use_no_semihosting_swi                 0x080016e9   Thumb Code     2  use_no_semi.o(.text)
    __decompress                             0x080016eb   Thumb Code     0  __dczerorl2.o(.text)
    __decompress1                            0x080016eb   Thumb Code    86  __dczerorl2.o(.text)
    __semihosting_library_function           0x080016eb   Thumb Code     0  indicate_semi.o(.text)
    ADC1_CHx_Init                            0x08001741   Thumb Code   188  adc.o(i.ADC1_CHx_Init)
    ADC1_Read                                0x08001805   Thumb Code    40  adc.o(i.ADC1_Read)
    ADC_Cmd                                  0x08001831   Thumb Code    24  hal_adc.o(i.ADC_Cmd)
    ADC_Init                                 0x08001849   Thumb Code    44  hal_adc.o(i.ADC_Init)
    ADC_RegularChannelConfig                 0x08001879   Thumb Code    68  hal_adc.o(i.ADC_RegularChannelConfig)
    ADC_SoftwareStartConvCmd                 0x080018c1   Thumb Code    28  hal_adc.o(i.ADC_SoftwareStartConvCmd)
    ANO_DT_Data_Exchange                     0x080018dd   Thumb Code   508  data_transfer.o(i.ANO_DT_Data_Exchange)
    ANO_DT_Data_Receive_Anl                  0x08001b31   Thumb Code   356  data_transfer.o(i.ANO_DT_Data_Receive_Anl)
    ANO_DT_Data_Receive_Prepare              0x08001cb5   Thumb Code   220  data_transfer.o(i.ANO_DT_Data_Receive_Prepare)
    ANO_DT_Send_Data                         0x08001de5   Thumb Code    42  data_transfer.o(i.ANO_DT_Send_Data)
    ANO_DT_Send_MotoPWM                      0x08001e15   Thumb Code   300  data_transfer.o(i.ANO_DT_Send_MotoPWM)
    ANO_DT_Send_PID                          0x08001f45   Thumb Code   504  data_transfer.o(i.ANO_DT_Send_PID)
    ANO_DT_Send_Senser                       0x08002145   Thumb Code   368  data_transfer.o(i.ANO_DT_Send_Senser)
    ANO_DT_Send_Status                       0x080022b9   Thumb Code   308  data_transfer.o(i.ANO_DT_Send_Status)
    ANO_DT_Send_Version                      0x080023f5   Thumb Code   196  data_transfer.o(i.ANO_DT_Send_Version)
    Abs                                      0x080024bd   Thumb Code    14  speedcontrol.o(i.Abs)
    AutoCalPllFactor                         0x080024cb   Thumb Code   106  system_mm32spin2xx_p.o(i.AutoCalPllFactor)
    BTN1_DOUBLE_Click_Handler                0x08002535   Thumb Code    26  my_multi_button.o(i.BTN1_DOUBLE_Click_Handler)
    BTN1_LONG_PRESS_HOLD_Handler             0x08002559   Thumb Code    66  my_multi_button.o(i.BTN1_LONG_PRESS_HOLD_Handler)
    BTN1_SINGLE_Click_Handler                0x080025a9   Thumb Code    12  my_multi_button.o(i.BTN1_SINGLE_Click_Handler)
    BTN2_DOUBLE_Click_Handler                0x080025bd   Thumb Code    26  my_multi_button.o(i.BTN2_DOUBLE_Click_Handler)
    BTN2_LONG_PRESS_HOLD_Handler             0x080025e1   Thumb Code    66  my_multi_button.o(i.BTN2_LONG_PRESS_HOLD_Handler)
    BTN2_SINGLE_Click_Handler                0x08002631   Thumb Code    14  my_multi_button.o(i.BTN2_SINGLE_Click_Handler)
    Bluetooth_Init                           0x08002649   Thumb Code   148  bluetooth.o(i.Bluetooth_Init)
    GPIO_Init                                0x080026e1   Thumb Code   222  hal_gpio.o(i.GPIO_Init)
    GPIO_KEY_Init                            0x080027c1   Thumb Code    34  gpio.o(i.GPIO_KEY_Init)
    GPIO_LED_Init                            0x080027e9   Thumb Code    66  gpio.o(i.GPIO_LED_Init)
    GPIO_PinAFConfig                         0x08002835   Thumb Code    70  hal_gpio.o(i.GPIO_PinAFConfig)
    GPIO_ReadInputDataBit                    0x0800287b   Thumb Code    20  hal_gpio.o(i.GPIO_ReadInputDataBit)
    GPIO_ResetBits                           0x0800288f   Thumb Code     4  hal_gpio.o(i.GPIO_ResetBits)
    GPIO_SetBits                             0x08002893   Thumb Code     4  hal_gpio.o(i.GPIO_SetBits)
    GPIO_beep_init                           0x08002899   Thumb Code    34  gpio.o(i.GPIO_beep_init)
    Get_Angle                                0x080028c1   Thumb Code   196  angle.o(i.Get_Angle)
    IIC_Ack                                  0x080029b9   Thumb Code    72  softi2c.o(i.IIC_Ack)
    IIC_Init                                 0x08002a05   Thumb Code    32  softi2c.o(i.IIC_Init)
    IIC_NAck                                 0x08002a29   Thumb Code    72  softi2c.o(i.IIC_NAck)
    IIC_ReadByte                             0x08002a75   Thumb Code    98  softi2c.o(i.IIC_ReadByte)
    IIC_ReadMultByteFromSlave                0x08002add   Thumb Code   116  softi2c.o(i.IIC_ReadMultByteFromSlave)
    IIC_SendByte                             0x08002b51   Thumb Code   106  softi2c.o(i.IIC_SendByte)
    IIC_Start                                0x08002bc1   Thumb Code    80  softi2c.o(i.IIC_Start)
    IIC_Stop                                 0x08002c15   Thumb Code    76  softi2c.o(i.IIC_Stop)
    IIC_WaitAck                              0x08002c65   Thumb Code    82  softi2c.o(i.IIC_WaitAck)
    IIC_WriteByteToSlave                     0x08002cbd   Thumb Code    74  softi2c.o(i.IIC_WriteByteToSlave)
    InitSystick                              0x08002d09   Thumb Code    62  sys.o(i.InitSystick)
    LED_trun                                 0x08002d55   Thumb Code   108  gpio.o(i.LED_trun)
    MPU9250_Get_Raw_data                     0x08002dd1   Thumb Code   138  i2c_mpu9250.o(i.MPU9250_Get_Raw_data)
    MPU9250_Init                             0x08002e5b   Thumb Code   152  i2c_mpu9250.o(i.MPU9250_Init)
    MPU9250_Read_Len                         0x08002ef3   Thumb Code    26  i2c_mpu9250.o(i.MPU9250_Read_Len)
    MPU9250_SCL_Out                          0x08002f0d   Thumb Code    34  softi2c.o(i.MPU9250_SCL_Out)
    MPU9250_SDA_In                           0x08002f39   Thumb Code    34  softi2c.o(i.MPU9250_SDA_In)
    MPU9250_SDA_Out                          0x08002f65   Thumb Code    34  softi2c.o(i.MPU9250_SDA_Out)
    MPU9250_Set_Accel_Fsr                    0x08002f91   Thumb Code    18  i2c_mpu9250.o(i.MPU9250_Set_Accel_Fsr)
    MPU9250_Set_Gyro_Fsr                     0x08002fa3   Thumb Code    18  i2c_mpu9250.o(i.MPU9250_Set_Gyro_Fsr)
    MPU9250_Set_LPF                          0x08002fb5   Thumb Code    60  i2c_mpu9250.o(i.MPU9250_Set_LPF)
    MPU9250_Set_Rate                         0x08002ff1   Thumb Code    60  i2c_mpu9250.o(i.MPU9250_Set_Rate)
    MPU9250_Write_Byte                       0x0800302d   Thumb Code    22  i2c_mpu9250.o(i.MPU9250_Write_Byte)
    NVIC_Init                                0x08003045   Thumb Code   106  hal_misc.o(i.NVIC_Init)
    PWM_Init                                 0x0800312d   Thumb Code   388  motor.o(i.PWM_Init)
    PWM_Set_Duty                             0x080032c5   Thumb Code    18  motor.o(i.PWM_Set_Duty)
    RCC_AHBPeriphClockCmd                    0x080032dd   Thumb Code    28  hal_rcc.o(i.RCC_AHBPeriphClockCmd)
    RCC_APB1PeriphClockCmd                   0x080032fd   Thumb Code    28  hal_rcc.o(i.RCC_APB1PeriphClockCmd)
    RCC_APB2PeriphClockCmd                   0x0800331d   Thumb Code    28  hal_rcc.o(i.RCC_APB2PeriphClockCmd)
    RCC_ConfigInit                           0x0800333d   Thumb Code    36  sys.o(i.RCC_ConfigInit)
    RCC_GetClocksFreq                        0x08003361   Thumb Code   226  hal_rcc.o(i.RCC_GetClocksFreq)
    SysTick_CLKSourceConfig                  0x08003595   Thumb Code    32  hal_misc.o(i.SysTick_CLKSourceConfig)
    SysTick_Handler                          0x080035b9   Thumb Code    46  sys.o(i.SysTick_Handler)
    SystemInit                               0x080035f1   Thumb Code    88  system_mm32spin2xx_p.o(i.SystemInit)
    TFTSPI_Addr_Rst                          0x08003655   Thumb Code    70  lcd.o(i.TFTSPI_Addr_Rst)
    TFTSPI_CLS                               0x0800369b   Thumb Code    36  lcd.o(i.TFTSPI_CLS)
    TFTSPI_Init                              0x080036c1   Thumb Code   508  lcd.o(i.TFTSPI_Init)
    TFTSPI_Write_Byte                        0x080038c1   Thumb Code    94  lcd.o(i.TFTSPI_Write_Byte)
    TFTSPI_Write_Cmd                         0x08003925   Thumb Code    94  lcd.o(i.TFTSPI_Write_Cmd)
    TFTSPI_Write_Word                        0x08003989   Thumb Code    96  lcd.o(i.TFTSPI_Write_Word)
    TIM14_IRQHandler                         0x080039ed   Thumb Code    24  timer.o(i.TIM14_IRQHandler)
    TIM16_IRQHandler                         0x08003a09   Thumb Code   728  timer.o(i.TIM16_IRQHandler)
    TIM17_IRQHandler                         0x08003d61   Thumb Code    24  timer.o(i.TIM17_IRQHandler)
    TIM1_BRK_UP_TRG_COM_IRQHandler           0x08003d7d   Thumb Code    24  timer.o(i.TIM1_BRK_UP_TRG_COM_IRQHandler)
    TIMER_InitConfig                         0x08003d99   Thumb Code   298  timer.o(i.TIMER_InitConfig)
    TIM_ARRPreloadConfig                     0x08003ecd   Thumb Code    24  hal_tim.o(i.TIM_ARRPreloadConfig)
    TIM_ClearITPendingBit                    0x08003ee9   Thumb Code     6  hal_tim.o(i.TIM_ClearITPendingBit)
    TIM_Cmd                                  0x08003ef1   Thumb Code    24  hal_tim.o(i.TIM_Cmd)
    TIM_CtrlPWMOutputs                       0x08003f0d   Thumb Code    26  hal_tim.o(i.TIM_CtrlPWMOutputs)
    TIM_GetITStatus                          0x08003f27   Thumb Code    38  hal_tim.o(i.TIM_GetITStatus)
    TIM_ITConfig                             0x08003f4d   Thumb Code    20  hal_tim.o(i.TIM_ITConfig)
    TIM_OC1Init                              0x08003f61   Thumb Code   128  hal_tim.o(i.TIM_OC1Init)
    TIM_OC1PreloadConfig                     0x08003ff9   Thumb Code    22  hal_tim.o(i.TIM_OC1PreloadConfig)
    TIM_OC2Init                              0x08004015   Thumb Code   154  hal_tim.o(i.TIM_OC2Init)
    TIM_OC2PreloadConfig                     0x080040cd   Thumb Code    22  hal_tim.o(i.TIM_OC2PreloadConfig)
    TIM_OC3Init                              0x080040e9   Thumb Code   136  hal_tim.o(i.TIM_OC3Init)
    TIM_OC3PreloadConfig                     0x08004191   Thumb Code    22  hal_tim.o(i.TIM_OC3PreloadConfig)
    TIM_OC4Init                              0x080041ad   Thumb Code   100  hal_tim.o(i.TIM_OC4Init)
    TIM_OC4PreloadConfig                     0x0800422d   Thumb Code    22  hal_tim.o(i.TIM_OC4PreloadConfig)
    TIM_TimeBaseInit                         0x08004249   Thumb Code    96  hal_tim.o(i.TIM_TimeBaseInit)
    UART1_IRQHandler                         0x080042c5   Thumb Code    42  bluetooth.o(i.UART1_IRQHandler)
    UART_ClearITPendingBit                   0x080042f9   Thumb Code     4  hal_uart.o(i.UART_ClearITPendingBit)
    UART_Cmd                                 0x080042fd   Thumb Code    24  hal_uart.o(i.UART_Cmd)
    UART_GetChar                             0x08004319   Thumb Code    14  bluetooth.o(i.UART_GetChar)
    UART_GetFlagStatus                       0x08004327   Thumb Code    20  hal_uart.o(i.UART_GetFlagStatus)
    UART_ITConfig                            0x0800433b   Thumb Code    20  hal_uart.o(i.UART_ITConfig)
    UART_Init                                0x08004351   Thumb Code   118  hal_uart.o(i.UART_Init)
    UART_RX_IRQ_Config                       0x080043cd   Thumb Code    56  bluetooth.o(i.UART_RX_IRQ_Config)
    UART_ReceiveData                         0x0800440d   Thumb Code     8  hal_uart.o(i.UART_ReceiveData)
    UART_SendData                            0x08004415   Thumb Code     6  hal_uart.o(i.UART_SendData)
    Yijielvbo                                0x0800441d   Thumb Code   130  angle.o(i.Yijielvbo)
    __ARM_common_switch8                     0x080044b1   Thumb Code    28  adc.o(i.__ARM_common_switch8)
    __ARM_fpclassify                         0x080044cd   Thumb Code    40  fpclassify.o(i.__ARM_fpclassify)
    __kernel_poly                            0x080044f9   Thumb Code   172  poly.o(i.__kernel_poly)
    __mathlib_dbl_infnan                     0x080045a5   Thumb Code    10  dunder.o(i.__mathlib_dbl_infnan)
    __mathlib_dbl_infnan2                    0x080045af   Thumb Code     8  dunder.o(i.__mathlib_dbl_infnan2)
    __mathlib_dbl_underflow                  0x080045b9   Thumb Code    14  dunder.o(i.__mathlib_dbl_underflow)
    adc_init                                 0x080045cd   Thumb Code    52  adc.o(i.adc_init)
    angle_hanlder                            0x08004601   Thumb Code    28  angle.o(i.angle_hanlder)
    angle_is_normal                          0x08004621   Thumb Code    58  balance.o(i.angle_is_normal)
    atan                                     0x08004669   Thumb Code   472  atan.o(i.atan)
    atan2                                    0x08004885   Thumb Code   334  atan2.o(i.atan2)
    balance                                  0x080049fd   Thumb Code   156  balance.o(i.balance)
    beep_OFF                                 0x08004abd   Thumb Code    12  gpio.o(i.beep_OFF)
    beep_ON                                  0x08004acd   Thumb Code    12  gpio.o(i.beep_ON)
    beep_briefly_on                          0x08004add   Thumb Code    58  gpio.o(i.beep_briefly_on)
    button_attach                            0x08004b17   Thumb Code    12  multi_button.o(i.button_attach)
    button_handler                           0x08004b23   Thumb Code   588  multi_button.o(i.button_handler)
    button_init                              0x08004d6f   Thumb Code    66  multi_button.o(i.button_init)
    button_start                             0x08004db1   Thumb Code    38  multi_button.o(i.button_start)
    button_ticks                             0x08004ddd   Thumb Code    22  multi_button.o(i.button_ticks)
    buzzerDriverInit                         0x08004df9   Thumb Code    92  buzzerdriver.o(i.buzzerDriverInit)
    buzzerSetNewFrequency                    0x08004e61   Thumb Code    56  buzzerdriver.o(i.buzzerSetNewFrequency)
    cacl_error_1                             0x08004ea5   Thumb Code   264  speedcontrol.o(i.cacl_error_1)
    delayms                                  0x08004fd1   Thumb Code    70  sys.o(i.delayms)
    delayms_mpu9250                          0x08005021   Thumb Code    20  i2c_mpu9250.o(i.delayms_mpu9250)
    encoder_init                             0x08005035   Thumb Code   432  encoder.o(i.encoder_init)
    error_processing                         0x080051f1   Thumb Code    30  trace.o(i.error_processing)
    float_Abs                                0x08005225   Thumb Code    28  speedcontrol.o(i.float_Abs)
    iic_delay                                0x08005241   Thumb Code    18  softi2c.o(i.iic_delay)
    judgeOandY                               0x08005255   Thumb Code   106  control_task.o(i.judgeOandY)
    main                                     0x08005309   Thumb Code    84  main.o(i.main)
    motor_run                                0x0800535d   Thumb Code   114  motor.o(i.motor_run)
    music2Play                               0x080053dd   Thumb Code    70  buzzerdriver.o(i.music2Play)
    music4Play                               0x08005435   Thumb Code   174  buzzerdriver.o(i.music4Play)
    musicPlay                                0x0800550d   Thumb Code   164  buzzerdriver.o(i.musicPlay)
    my_button_init                           0x080055d5   Thumb Code    96  my_multi_button.o(i.my_button_init)
    mysys_init                               0x0800565d   Thumb Code    46  sys.o(i.mysys_init)
    nvic_init                                0x0800569d   Thumb Code    24  sys.o(i.nvic_init)
    read_button1_GPIO                        0x080056b5   Thumb Code    12  my_multi_button.o(i.read_button1_GPIO)
    read_button2_GPIO                        0x080056c5   Thumb Code    12  my_multi_button.o(i.read_button2_GPIO)
    set_pwm                                  0x080056d5   Thumb Code   156  balance.o(i.set_pwm)
    shellBackspace                           0x08005781   Thumb Code    14  shell.o(i.shellBackspace)
    shellCheckPermission                     0x080057d5   Thumb Code    62  shell.o(i.shellCheckPermission)
    shellClear                               0x08005815   Thumb Code    24  shell.o(i.shellClear)
    shellClearCommandLine                    0x08005831   Thumb Code    40  shell.o(i.shellClearCommandLine)
    shellCmds                                0x08005859   Thumb Code    20  shell.o(i.shellCmds)
    shellDelete                              0x0800586d   Thumb Code    16  shell.o(i.shellDelete)
    shellDeleteByte                          0x0800587d   Thumb Code   222  shell.o(i.shellDeleteByte)
    shellDeleteCommandLine                   0x0800595d   Thumb Code    28  shell.o(i.shellDeleteCommandLine)
    shellDown                                0x0800597d   Thumb Code    16  shell.o(i.shellDown)
    shellEnter                               0x0800598d   Thumb Code    20  shell.o(i.shellEnter)
    shellExec                                0x080059a1   Thumb Code   116  shell.o(i.shellExec)
    shellExtParsePara                        0x08005ba3   Thumb Code    92  shell_ext.o(i.shellExtParsePara)
    shellExtRun                              0x08005c6f   Thumb Code   206  shell_ext.o(i.shellExtRun)
    shellGetCurrent                          0x08005df5   Thumb Code    48  shell.o(i.shellGetCurrent)
    shellGetVarValue                         0x08005e29   Thumb Code    86  shell.o(i.shellGetVarValue)
    shellHelp                                0x08005e81   Thumb Code   128  shell.o(i.shellHelp)
    shellKeys                                0x08006049   Thumb Code    20  shell.o(i.shellKeys)
    shellLeft                                0x0800605d   Thumb Code    26  shell.o(i.shellLeft)
    shellListAll                             0x08006077   Thumb Code    12  shell.o(i.shellListAll)
    shellListCommand                         0x08006085   Thumb Code    72  shell.o(i.shellListCommand)
    shellListItem                            0x080060d1   Thumb Code   236  shell.o(i.shellListItem)
    shellListKey                             0x080061c9   Thumb Code    86  shell.o(i.shellListKey)
    shellListUser                            0x08006225   Thumb Code    86  shell.o(i.shellListUser)
    shellListVar                             0x08006281   Thumb Code    86  shell.o(i.shellListVar)
    shellRight                               0x080063db   Thumb Code    30  shell.o(i.shellRight)
    shellRunCommand                          0x080063f9   Thumb Code   180  shell.o(i.shellRunCommand)
    shellSeekCommand                         0x080064ad   Thumb Code   130  shell.o(i.shellSeekCommand)
    shellSetVar                              0x08006599   Thumb Code   104  shell.o(i.shellSetVar)
    shellSetVarValue                         0x08006605   Thumb Code   146  shell.o(i.shellSetVarValue)
    shellTab                                 0x080067a9   Thumb Code   288  shell.o(i.shellTab)
    shellToDec                               0x080068cd   Thumb Code    90  shell.o(i.shellToDec)
    shellToHex                               0x08006927   Thumb Code    56  shell.o(i.shellToHex)
    shellUp                                  0x0800695f   Thumb Code    14  shell.o(i.shellUp)
    shellUsers                               0x0800696d   Thumb Code    20  shell.o(i.shellUsers)
    shellVars                                0x08006981   Thumb Code    20  shell.o(i.shellVars)
    shellWriteString                         0x08006af1   Thumb Code    40  shell.o(i.shellWriteString)
    sqrt                                     0x08006b19   Thumb Code    66  sqrt.o(i.sqrt)
    tft18delay_1us                           0x08006b61   Thumb Code    14  lcd.o(i.tft18delay_1us)
    turn                                     0x08006b71   Thumb Code    92  balance.o(i.turn)
    velocity                                 0x08006be1   Thumb Code   244  balance.o(i.velocity)
    __aeabi_cdcmple                          0x08006d0d   Thumb Code     0  dlef.o(x$fpl$dleqf)
    _dcmple                                  0x08006d0d   Thumb Code    94  dlef.o(x$fpl$dleqf)
    __aeabi_cdrcmple                         0x08006d71   Thumb Code     0  drlef.o(x$fpl$drleqf)
    _drcmple                                 0x08006d71   Thumb Code   100  drlef.o(x$fpl$drleqf)
    __aeabi_fadd                             0x08006dd9   Thumb Code     0  faddsub.o(x$fpl$fadd)
    _fadd                                    0x08006dd9   Thumb Code   134  faddsub.o(x$fpl$fadd)
    __aeabi_cfcmple                          0x08006e65   Thumb Code     0  flef.o(x$fpl$fleqf)
    _fcmple                                  0x08006e65   Thumb Code    78  flef.o(x$fpl$fleqf)
    __aeabi_fmul                             0x08006eb9   Thumb Code     0  fmul.o(x$fpl$fmul)
    _fmul                                    0x08006eb9   Thumb Code   172  fmul.o(x$fpl$fmul)
    __aeabi_cfrcmple                         0x08006f69   Thumb Code     0  frlef.o(x$fpl$frleqf)
    _frcmple                                 0x08006f69   Thumb Code    84  frlef.o(x$fpl$frleqf)
    __aeabi_fsub                             0x08006fc1   Thumb Code     0  faddsub.o(x$fpl$fsub)
    _fsub                                    0x08006fc1   Thumb Code   204  faddsub.o(x$fpl$fsub)
    TIMERx                                   0x08007090   Data          28  timer.o(.constdata)
    __I$use$fp                               0x08007090   Number         0  usenofp.o(x$fpl$usenofp)
    shellCmda                                0x080070ac   Data           2  angle.o(.constdata)
    shellDesca                               0x080070ae   Data          12  angle.o(.constdata)
    NJUSTMelody                              0x080070bc   Data        1036  buzzerdriver.o(.constdata)
    NJUSTDuration                            0x080074c8   Data        1048  buzzerdriver.o(.constdata)
    twicle1Melody                            0x080078e0   Data         384  buzzerdriver.o(.constdata)
    twicle1Duration                          0x08007a60   Data         384  buzzerdriver.o(.constdata)
    twicle2Melody                            0x08007be0   Data         768  buzzerdriver.o(.constdata)
    twicle2Duration                          0x08007ee0   Data         768  buzzerdriver.o(.constdata)
    tickMelody                               0x080081e0   Data          24  buzzerdriver.o(.constdata)
    tickDuration                             0x080081f8   Data          24  buzzerdriver.o(.constdata)
    marioMelody                              0x08008210   Data         312  buzzerdriver.o(.constdata)
    secondMelody                             0x08008348   Data           4  buzzerdriver.o(.constdata)
    marioDuration                            0x0800834c   Data         312  buzzerdriver.o(.constdata)
    secondDuration                           0x08008484   Data           4  buzzerdriver.o(.constdata)
    melodySlowfactor                         0x08008488   Data           4  buzzerdriver.o(.constdata)
    melodySizes                              0x0800848c   Data           8  buzzerdriver.o(.constdata)
    melodySizes2                             0x08008494   Data           8  buzzerdriver.o(.constdata)
    melodySizes3                             0x0800849c   Data           8  buzzerdriver.o(.constdata)
    melodySizes3_2                           0x080084a4   Data           8  buzzerdriver.o(.constdata)
    melodySizes4                             0x080084ac   Data           8  buzzerdriver.o(.constdata)
    shellCmdm2                               0x080084b4   Data           3  buzzerdriver.o(.constdata)
    shellDescm2                              0x080084b7   Data          13  buzzerdriver.o(.constdata)
    shellCmdDefaultUser                      0x080084c4   Data           7  shell.o(.constdata)
    shellPasswordDefaultUser                 0x080084cb   Data           1  shell.o(.constdata)
    shellDesDefaultUser                      0x080084cc   Data          13  shell.o(.constdata)
    shellCmdsetVar                           0x080084d9   Data           7  shell.o(.constdata)
    shellDescsetVar                          0x080084e0   Data           8  shell.o(.constdata)
    shellDesc0x1B5B4100                      0x080084e8   Data           3  shell.o(.constdata)
    shellDesc0x1B5B4200                      0x080084eb   Data           5  shell.o(.constdata)
    shellDesc0x1B5B4300                      0x080084f0   Data           6  shell.o(.constdata)
    shellDesc0x1B5B4400                      0x080084f6   Data           5  shell.o(.constdata)
    shellDesc0x09000000                      0x080084fb   Data           4  shell.o(.constdata)
    shellDesc0x08000000                      0x080084ff   Data          10  shell.o(.constdata)
    shellDesc0x7F000000                      0x08008509   Data          10  shell.o(.constdata)
    shellDesc0x1B5B337E                      0x08008513   Data           7  shell.o(.constdata)
    shellDesc0x0A000000                      0x0800851a   Data           6  shell.o(.constdata)
    shellDesc0x0D000000                      0x08008520   Data           6  shell.o(.constdata)
    shellCmdhelp                             0x08008526   Data           5  shell.o(.constdata)
    shellDeschelp                            0x0800852b   Data          30  shell.o(.constdata)
    shellCmdusers                            0x08008549   Data           6  shell.o(.constdata)
    shellDescusers                           0x0800854f   Data          14  shell.o(.constdata)
    shellCmdcmds                             0x0800855d   Data           5  shell.o(.constdata)
    shellDesccmds                            0x08008562   Data          13  shell.o(.constdata)
    shellCmdvars                             0x0800856f   Data           5  shell.o(.constdata)
    shellDescvars                            0x08008574   Data          13  shell.o(.constdata)
    shellCmdkeys                             0x08008581   Data           5  shell.o(.constdata)
    shellDesckeys                            0x08008586   Data          13  shell.o(.constdata)
    shellCmdclear                            0x08008593   Data           6  shell.o(.constdata)
    shellDescclear                           0x08008599   Data          14  shell.o(.constdata)
    __mathlib_zero                           0x08008700   Data           8  qnan.o(.constdata)
    Region$$Table$$Base                      0x080089b0   Number         0  anon$$obj.o(Region$$Table)
    Region$$Table$$Limit                     0x080089d0   Number         0  anon$$obj.o(Region$$Table)
    shellCommand$$Base                       0x080089d0   Number         0  angle.o(shellCommand)
    shellVara                                0x080089d0   Data          16  angle.o(shellCommand)
    shellCommandm2                           0x080089e0   Data          16  buzzerdriver.o(shellCommand)
    shellUserDefault                         0x080089f0   Data          16  shell.o(shellCommand)
    shellCommandsetVar                       0x08008a00   Data          16  shell.o(shellCommand)
    shellKey0x1B5B4100                       0x08008a10   Data          16  shell.o(shellCommand)
    shellKey0x1B5B4200                       0x08008a20   Data          16  shell.o(shellCommand)
    shellKey0x1B5B4300                       0x08008a30   Data          16  shell.o(shellCommand)
    shellKey0x1B5B4400                       0x08008a40   Data          16  shell.o(shellCommand)
    shellKey0x09000000                       0x08008a50   Data          16  shell.o(shellCommand)
    shellKey0x08000000                       0x08008a60   Data          16  shell.o(shellCommand)
    shellKey0x7F000000                       0x08008a70   Data          16  shell.o(shellCommand)
    shellKey0x1B5B337E                       0x08008a80   Data          16  shell.o(shellCommand)
    shellKey0x0A000000                       0x08008a90   Data          16  shell.o(shellCommand)
    shellKey0x0D000000                       0x08008aa0   Data          16  shell.o(shellCommand)
    shellCommandhelp                         0x08008ab0   Data          16  shell.o(shellCommand)
    shellCommandusers                        0x08008ac0   Data          16  shell.o(shellCommand)
    shellCommandcmds                         0x08008ad0   Data          16  shell.o(shellCommand)
    shellCommandvars                         0x08008ae0   Data          16  shell.o(shellCommand)
    shellCommandkeys                         0x08008af0   Data          16  shell.o(shellCommand)
    shellCommandclear                        0x08008b00   Data          16  shell.o(shellCommand)
    shellCommand$$Limit                      0x08008b10   Number         0  shell.o(shellCommand)
    SystemCoreClock                          0x20000010   Data           4  system_mm32spin2xx_p.o(.data)
    AHBPrescTable                            0x20000014   Data          16  system_mm32spin2xx_p.o(.data)
    rx_cnt                                   0x20000028   Data           1  sys.o(.data)
    tx_flag                                  0x20000029   Data           1  sys.o(.data)
    SysTick_Count                            0x2000002c   Data           4  sys.o(.data)
    gDlycnt                                  0x20000030   Data           4  sys.o(.data)
    if_car_move                              0x20000034   Data           1  timer.o(.data)
    pwm1                                     0x20000038   Data           4  timer.o(.data)
    pwm2                                     0x2000003c   Data           4  timer.o(.data)
    pwm3                                     0x20000040   Data           4  timer.o(.data)
    time0_timer                              0x20000044   Data           2  timer.o(.data)
    time1_timer_flag                         0x20000046   Data           1  timer.o(.data)
    time1_timer                              0x20000048   Data           2  timer.o(.data)
    sancha_timer                             0x2000004a   Data           2  timer.o(.data)
    begin_cooler_timer                       0x2000004c   Data           2  timer.o(.data)
    buzzer_flag                              0x2000004e   Data           1  timer.o(.data)
    if_music1                                0x2000004f   Data           1  timer.o(.data)
    if_music2                                0x20000050   Data           1  timer.o(.data)
    adc_left                                 0x20000068   Data           4  adc.o(.data)
    adc_right                                0x2000006c   Data           4  adc.o(.data)
    adc_left_level                           0x20000070   Data           4  adc.o(.data)
    adc_left_vertical                        0x20000074   Data           4  adc.o(.data)
    adc_right_level                          0x20000078   Data           4  adc.o(.data)
    adc_right_vertical                       0x2000007c   Data           4  adc.o(.data)
    adc_second_left                          0x20000080   Data           4  adc.o(.data)
    adc_second_right                         0x20000084   Data           4  adc.o(.data)
    kp                                       0x20000088   Data           8  speedcontrol.o(.data)
    kd                                       0x20000090   Data           8  speedcontrol.o(.data)
    basic_speed                              0x20000098   Data           4  speedcontrol.o(.data)
    average_speed                            0x2000009c   Data           4  speedcontrol.o(.data)
    left_encoder_puslse                      0x200000a0   Data           4  speedcontrol.o(.data)
    right_encoder_puslse                     0x200000a4   Data           4  speedcontrol.o(.data)
    left_pwm                                 0x200000a8   Data           4  speedcontrol.o(.data)
    right_pwm                                0x200000ac   Data           4  speedcontrol.o(.data)
    left_diretion                            0x200000b0   Data           1  speedcontrol.o(.data)
    right_diretion                           0x200000b1   Data           1  speedcontrol.o(.data)
    now_speed_left                           0x200000b4   Data           4  speedcontrol.o(.data)
    now_speed_right                          0x200000b8   Data           4  speedcontrol.o(.data)
    left_error                               0x200000bc   Data           4  speedcontrol.o(.data)
    right_error                              0x200000c0   Data           4  speedcontrol.o(.data)
    sum_left_speed                           0x200000c4   Data           4  speedcontrol.o(.data)
    sum_right_speed                          0x200000c8   Data           4  speedcontrol.o(.data)
    error                                    0x200000d0   Data           8  speedcontrol.o(.data)
    if_key                                   0x20000138   Data           1  gpio.o(.data)
    Angle_Balance                            0x2000013c   Data           4  angle.o(.data)
    Gyro_Balance                             0x20000140   Data           4  angle.o(.data)
    Gyro_Turn                                0x20000144   Data           4  angle.o(.data)
    Acceleration_Z                           0x20000148   Data           4  angle.o(.data)
    K1                                       0x2000014c   Data           4  angle.o(.data)
    angle                                    0x20000150   Data           4  angle.o(.data)
    debug_angle                              0x20000154   Data           4  angle.o(.data)
    i2cGPIO_InitStructure                    0x20000158   Data           4  softi2c.o(.data)
    melody                                   0x2000015c   Data           8  buzzerdriver.o(.data)
    noteDurations                            0x20000164   Data           8  buzzerdriver.o(.data)
    melody2                                  0x2000016c   Data           8  buzzerdriver.o(.data)
    noteDurations2                           0x20000174   Data           8  buzzerdriver.o(.data)
    melody3twincle                           0x2000017c   Data           8  buzzerdriver.o(.data)
    noteDurations3                           0x20000184   Data           8  buzzerdriver.o(.data)
    melody3twincle2                          0x2000018c   Data           8  buzzerdriver.o(.data)
    noteDurations3_2                         0x20000194   Data           8  buzzerdriver.o(.data)
    melody4                                  0x2000019c   Data           8  buzzerdriver.o(.data)
    noteDurations4                           0x200001a4   Data           8  buzzerdriver.o(.data)
    music_volume                             0x200001ac   Data           1  buzzerdriver.o(.data)
    ZHONGZHI                                 0x200001d0   Data           4  balance.o(.data)
    Balance_Kp                               0x200001d4   Data           4  balance.o(.data)
    Balance_Kd                               0x200001d8   Data           4  balance.o(.data)
    Velocity_Kp                              0x200001dc   Data           4  balance.o(.data)
    Velocity_Ki                              0x200001e0   Data           4  balance.o(.data)
    motor1                                   0x200001e4   Data           4  balance.o(.data)
    motor2                                   0x200001e8   Data           4  balance.o(.data)
    maxueyang_speed                          0x200001ec   Data           4  balance.o(.data)
    Flag_Stop                                0x200001f0   Data           1  balance.o(.data)
    Flag_Qian                                0x200001f1   Data           1  balance.o(.data)
    Turn_Target                              0x200001f4   Data           4  balance.o(.data)
    Encoder_Integral                         0x200001f8   Data           4  balance.o(.data)
    adc_normal                               0x2000021c   Data           4  control_task.o(.data)
    adc_O                                    0x20000220   Data           4  control_task.o(.data)
    adc_Y                                    0x20000224   Data           4  control_task.o(.data)
    recv_buf                                 0x2000027c   Data           1  shell_port.o(.data)
    slow_factor                              0x20000284   Data           1  my_multi_button.o(.data)
    mpu6050                                  0x20000288   Data          14  angle.o(.bss)
    f                                        0x20000296   Data          12  data_transfer.o(.bss)
    data_to_send                             0x200002a2   Data          50  data_transfer.o(.bss)
    button1                                  0x20000328   Data          40  my_multi_button.o(.bss)
    button2                                  0x20000350   Data          40  my_multi_button.o(.bss)
    __libspace_start                         0x20000378   Data          96  libspace.o(.bss)
    __temporary_stack_top$libspace           0x200003d8   Data           0  libspace.o(.bss)



==============================================================================

Memory Map of the image

  Image Entry point : 0x080000b5

  Load Region LR_IROM1 (Base: 0x08000000, Size: 0x00008d98, Max: 0x00020000, ABSOLUTE, COMPRESSED[0x00008bf0])

    Execution Region ER_IROM1 (Exec base: 0x08000000, Load base: 0x08000000, Size: 0x00008b10, Max: 0x00020000, ABSOLUTE)

    Exec Addr    Load Addr    Size         Type   Attr      Idx    E Section Name        Object

    0x08000000   0x08000000   0x000000b4   Data   RO         2476    RESET               startup_mm32spin2xx_p.o
    0x080000b4   0x080000b4   0x00000008   Code   RO         4596  * !!!main             c_p.l(__main.o)
    0x080000bc   0x080000bc   0x0000003c   Code   RO         4996    !!!scatter          c_p.l(__scatter.o)
    0x080000f8   0x080000f8   0x0000001c   Code   RO         4998    !!handler_zi        c_p.l(__scatter_zi.o)
    0x08000114   0x08000114   0x00000002   Code   RO         4861    .ARM.Collect$$libinit$$00000000  c_p.l(libinit.o)
    0x08000116   0x08000116   0x00000000   Code   RO         4863    .ARM.Collect$$libinit$$00000002  c_p.l(libinit2.o)
    0x08000116   0x08000116   0x00000000   Code   RO         4865    .ARM.Collect$$libinit$$00000004  c_p.l(libinit2.o)
    0x08000116   0x08000116   0x00000000   Code   RO         4868    .ARM.Collect$$libinit$$0000000A  c_p.l(libinit2.o)
    0x08000116   0x08000116   0x00000000   Code   RO         4870    .ARM.Collect$$libinit$$0000000C  c_p.l(libinit2.o)
    0x08000116   0x08000116   0x00000000   Code   RO         4872    .ARM.Collect$$libinit$$0000000E  c_p.l(libinit2.o)
    0x08000116   0x08000116   0x00000000   Code   RO         4875    .ARM.Collect$$libinit$$00000011  c_p.l(libinit2.o)
    0x08000116   0x08000116   0x00000000   Code   RO         4877    .ARM.Collect$$libinit$$00000013  c_p.l(libinit2.o)
    0x08000116   0x08000116   0x00000000   Code   RO         4879    .ARM.Collect$$libinit$$00000015  c_p.l(libinit2.o)
    0x08000116   0x08000116   0x00000000   Code   RO         4881    .ARM.Collect$$libinit$$00000017  c_p.l(libinit2.o)
    0x08000116   0x08000116   0x00000000   Code   RO         4883    .ARM.Collect$$libinit$$00000019  c_p.l(libinit2.o)
    0x08000116   0x08000116   0x00000000   Code   RO         4885    .ARM.Collect$$libinit$$0000001B  c_p.l(libinit2.o)
    0x08000116   0x08000116   0x00000000   Code   RO         4887    .ARM.Collect$$libinit$$0000001D  c_p.l(libinit2.o)
    0x08000116   0x08000116   0x00000000   Code   RO         4889    .ARM.Collect$$libinit$$0000001F  c_p.l(libinit2.o)
    0x08000116   0x08000116   0x00000000   Code   RO         4891    .ARM.Collect$$libinit$$00000021  c_p.l(libinit2.o)
    0x08000116   0x08000116   0x00000000   Code   RO         4893    .ARM.Collect$$libinit$$00000023  c_p.l(libinit2.o)
    0x08000116   0x08000116   0x00000000   Code   RO         4895    .ARM.Collect$$libinit$$00000025  c_p.l(libinit2.o)
    0x08000116   0x08000116   0x00000000   Code   RO         4899    .ARM.Collect$$libinit$$0000002C  c_p.l(libinit2.o)
    0x08000116   0x08000116   0x00000000   Code   RO         4901    .ARM.Collect$$libinit$$0000002E  c_p.l(libinit2.o)
    0x08000116   0x08000116   0x00000000   Code   RO         4903    .ARM.Collect$$libinit$$00000030  c_p.l(libinit2.o)
    0x08000116   0x08000116   0x00000000   Code   RO         4905    .ARM.Collect$$libinit$$00000032  c_p.l(libinit2.o)
    0x08000116   0x08000116   0x00000002   Code   RO         4906    .ARM.Collect$$libinit$$00000033  c_p.l(libinit2.o)
    0x08000118   0x08000118   0x00000002   Code   RO         4959    .ARM.Collect$$libshutdown$$00000000  c_p.l(libshutdown.o)
    0x0800011a   0x0800011a   0x00000000   Code   RO         4977    .ARM.Collect$$libshutdown$$00000002  c_p.l(libshutdown2.o)
    0x0800011a   0x0800011a   0x00000000   Code   RO         4979    .ARM.Collect$$libshutdown$$00000004  c_p.l(libshutdown2.o)
    0x0800011a   0x0800011a   0x00000000   Code   RO         4982    .ARM.Collect$$libshutdown$$00000007  c_p.l(libshutdown2.o)
    0x0800011a   0x0800011a   0x00000000   Code   RO         4985    .ARM.Collect$$libshutdown$$0000000A  c_p.l(libshutdown2.o)
    0x0800011a   0x0800011a   0x00000000   Code   RO         4987    .ARM.Collect$$libshutdown$$0000000C  c_p.l(libshutdown2.o)
    0x0800011a   0x0800011a   0x00000000   Code   RO         4990    .ARM.Collect$$libshutdown$$0000000F  c_p.l(libshutdown2.o)
    0x0800011a   0x0800011a   0x00000002   Code   RO         4991    .ARM.Collect$$libshutdown$$00000010  c_p.l(libshutdown2.o)
    0x0800011c   0x0800011c   0x00000000   Code   RO         4666    .ARM.Collect$$rtentry$$00000000  c_p.l(__rtentry.o)
    0x0800011c   0x0800011c   0x00000000   Code   RO         4783    .ARM.Collect$$rtentry$$00000002  c_p.l(__rtentry2.o)
    0x0800011c   0x0800011c   0x00000006   Code   RO         4795    .ARM.Collect$$rtentry$$00000004  c_p.l(__rtentry4.o)
    0x08000122   0x08000122   0x00000000   Code   RO         4785    .ARM.Collect$$rtentry$$00000009  c_p.l(__rtentry2.o)
    0x08000122   0x08000122   0x00000004   Code   RO         4786    .ARM.Collect$$rtentry$$0000000A  c_p.l(__rtentry2.o)
    0x08000126   0x08000126   0x00000000   Code   RO         4788    .ARM.Collect$$rtentry$$0000000C  c_p.l(__rtentry2.o)
    0x08000126   0x08000126   0x00000008   Code   RO         4789    .ARM.Collect$$rtentry$$0000000D  c_p.l(__rtentry2.o)
    0x0800012e   0x0800012e   0x00000002   Code   RO         4910    .ARM.Collect$$rtexit$$00000000  c_p.l(rtexit.o)
    0x08000130   0x08000130   0x00000000   Code   RO         4928    .ARM.Collect$$rtexit$$00000002  c_p.l(rtexit2.o)
    0x08000130   0x08000130   0x00000004   Code   RO         4929    .ARM.Collect$$rtexit$$00000003  c_p.l(rtexit2.o)
    0x08000134   0x08000134   0x00000006   Code   RO         4930    .ARM.Collect$$rtexit$$00000004  c_p.l(rtexit2.o)
    0x0800013a   0x0800013a   0x00000002   PAD
    0x0800013c   0x0800013c   0x00000090   Code   RO         2477    .text               startup_mm32spin2xx_p.o
    0x080001cc   0x080001cc   0x00000102   Code   RO         4545    .text               c_p.l(lludiv.o)
    0x080002ce   0x080002ce   0x00000002   PAD
    0x080002d0   0x080002d0   0x00000044   Code   RO         4582    .text               c_p.l(strlen.o)
    0x08000314   0x08000314   0x000000a0   Code   RO         4584    .text               c_p.l(strncmp.o)
    0x080003b4   0x080003b4   0x00000040   Code   RO         4586    .text               c_p.l(rt_memclr.o)
    0x080003f4   0x080003f4   0x00000088   Code   RO         4588    .text               c_p.l(strcmp.o)
    0x0800047c   0x0800047c   0x0000015a   Code   RO         4590    .text               c_p.l(aeabi_sdiv.o)
    0x080005d6   0x080005d6   0x00000006   Code   RO         4594    .text               c_p.l(heapauxi.o)
    0x080005dc   0x080005dc   0x0000007c   Code   RO         4598    .text               fz_ps.l(d2f.o)
    0x08000658   0x08000658   0x00000358   Code   RO         4600    .text               fz_ps.l(daddsub.o)
    0x080009b0   0x080009b0   0x00000448   Code   RO         4602    .text               fz_ps.l(ddiv.o)
    0x08000df8   0x08000df8   0x0000006c   Code   RO         4605    .text               fz_ps.l(dfixi.o)
    0x08000e64   0x08000e64   0x00000058   Code   RO         4607    .text               fz_ps.l(dflti.o)
    0x08000ebc   0x08000ebc   0x00000248   Code   RO         4611    .text               fz_ps.l(dmul.o)
    0x08001104   0x08001104   0x00000054   Code   RO         4615    .text               fz_ps.l(f2d.o)
    0x08001158   0x08001158   0x00000160   Code   RO         4623    .text               fz_ps.l(fdiv.o)
    0x080012b8   0x080012b8   0x0000004c   Code   RO         4626    .text               fz_ps.l(ffixi.o)
    0x08001304   0x08001304   0x0000005e   Code   RO         4630    .text               fz_ps.l(fflti.o)
    0x08001362   0x08001362   0x00000016   Code   RO         4675    .text               c_p.l(_rserrno.o)
    0x08001378   0x08001378   0x00000090   Code   RO         4748    .text               fz_ps.l(dcmpin.o)
    0x08001408   0x08001408   0x00000060   Code   RO         4750    .text               fz_ps.l(dscalbn.o)
    0x08001468   0x08001468   0x00000100   Code   RO         4752    .text               fz_ps.l(dsqrt.o)
    0x08001568   0x08001568   0x00000064   Code   RO         4754    .text               fz_ps.l(fcmpin.o)
    0x080015cc   0x080015cc   0x00000008   Code   RO         4807    .text               c_p.l(rt_errno_addr_intlibspace.o)
    0x080015d4   0x080015d4   0x0000002e   Code   RO         4834    .text               fz_ps.l(cmpret.o)
    0x08001602   0x08001602   0x00000002   PAD
    0x08001604   0x08001604   0x00000014   Code   RO         4836    .text               fz_ps.l(dnan2.o)
    0x08001618   0x08001618   0x00000010   Code   RO         4838    .text               fz_ps.l(fnan2.o)
    0x08001628   0x08001628   0x00000008   Code   RO         4842    .text               c_p.l(libspace.o)
    0x08001630   0x08001630   0x0000003e   Code   RO         4845    .text               c_p.l(sys_stackheap_outer.o)
    0x0800166e   0x0800166e   0x00000010   Code   RO         4850    .text               c_p.l(exit.o)
    0x0800167e   0x0800167e   0x0000005e   Code   RO         4907    .text               fz_ps.l(retnan.o)
    0x080016dc   0x080016dc   0x0000000c   Code   RO         4925    .text               c_p.l(sys_exit.o)
    0x080016e8   0x080016e8   0x00000002   Code   RO         4946    .text               c_p.l(use_no_semi.o)
    0x080016ea   0x080016ea   0x00000000   Code   RO         4948    .text               c_p.l(indicate_semi.o)
    0x080016ea   0x080016ea   0x00000056   Code   RO         4994    .text               c_p.l(__dczerorl2.o)
    0x08001740   0x08001740   0x000000c4   Code   RO         2985    i.ADC1_CHx_Init     adc.o
    0x08001804   0x08001804   0x0000002c   Code   RO         2986    i.ADC1_Read         adc.o
    0x08001830   0x08001830   0x00000018   Code   RO          201    i.ADC_Cmd           hal_adc.o
    0x08001848   0x08001848   0x00000030   Code   RO          211    i.ADC_Init          hal_adc.o
    0x08001878   0x08001878   0x00000048   Code   RO          212    i.ADC_RegularChannelConfig  hal_adc.o
    0x080018c0   0x080018c0   0x0000001c   Code   RO          214    i.ADC_SoftwareStartConvCmd  hal_adc.o
    0x080018dc   0x080018dc   0x00000254   Code   RO         3696    i.ANO_DT_Data_Exchange  data_transfer.o
    0x08001b30   0x08001b30   0x00000184   Code   RO         3697    i.ANO_DT_Data_Receive_Anl  data_transfer.o
    0x08001cb4   0x08001cb4   0x000000ec   Code   RO         3698    i.ANO_DT_Data_Receive_Prepare  data_transfer.o
    0x08001da0   0x08001da0   0x00000044   Code   RO         3699    i.ANO_DT_Send_Check  data_transfer.o
    0x08001de4   0x08001de4   0x00000030   Code   RO         3700    i.ANO_DT_Send_Data  data_transfer.o
    0x08001e14   0x08001e14   0x00000130   Code   RO         3701    i.ANO_DT_Send_MotoPWM  data_transfer.o
    0x08001f44   0x08001f44   0x00000200   Code   RO         3702    i.ANO_DT_Send_PID   data_transfer.o
    0x08002144   0x08002144   0x00000174   Code   RO         3705    i.ANO_DT_Send_Senser  data_transfer.o
    0x080022b8   0x080022b8   0x0000013c   Code   RO         3706    i.ANO_DT_Send_Status  data_transfer.o
    0x080023f4   0x080023f4   0x000000c8   Code   RO         3707    i.ANO_DT_Send_Version  data_transfer.o
    0x080024bc   0x080024bc   0x0000000e   Code   RO         3083    i.Abs               speedcontrol.o
    0x080024ca   0x080024ca   0x0000006a   Code   RO         2483    i.AutoCalPllFactor  system_mm32spin2xx_p.o
    0x08002534   0x08002534   0x00000024   Code   RO         4462    i.BTN1_DOUBLE_Click_Handler  my_multi_button.o
    0x08002558   0x08002558   0x00000050   Code   RO         4463    i.BTN1_LONG_PRESS_HOLD_Handler  my_multi_button.o
    0x080025a8   0x080025a8   0x00000014   Code   RO         4464    i.BTN1_SINGLE_Click_Handler  my_multi_button.o
    0x080025bc   0x080025bc   0x00000024   Code   RO         4465    i.BTN2_DOUBLE_Click_Handler  my_multi_button.o
    0x080025e0   0x080025e0   0x00000050   Code   RO         4466    i.BTN2_LONG_PRESS_HOLD_Handler  my_multi_button.o
    0x08002630   0x08002630   0x00000018   Code   RO         4467    i.BTN2_SINGLE_Click_Handler  my_multi_button.o
    0x08002648   0x08002648   0x00000098   Code   RO         3162    i.Bluetooth_Init    bluetooth.o
    0x080026e0   0x080026e0   0x000000de   Code   RO          823    i.GPIO_Init         hal_gpio.o
    0x080027be   0x080027be   0x00000002   PAD
    0x080027c0   0x080027c0   0x00000028   Code   RO         3245    i.GPIO_KEY_Init     gpio.o
    0x080027e8   0x080027e8   0x0000004c   Code   RO         3246    i.GPIO_LED_Init     gpio.o
    0x08002834   0x08002834   0x00000046   Code   RO          824    i.GPIO_PinAFConfig  hal_gpio.o
    0x0800287a   0x0800287a   0x00000014   Code   RO          827    i.GPIO_ReadInputDataBit  hal_gpio.o
    0x0800288e   0x0800288e   0x00000004   Code   RO          830    i.GPIO_ResetBits    hal_gpio.o
    0x08002892   0x08002892   0x00000004   Code   RO          831    i.GPIO_SetBits      hal_gpio.o
    0x08002896   0x08002896   0x00000002   PAD
    0x08002898   0x08002898   0x00000028   Code   RO         3247    i.GPIO_beep_init    gpio.o
    0x080028c0   0x080028c0   0x000000f8   Code   RO         3344    i.Get_Angle         angle.o
    0x080029b8   0x080029b8   0x0000004c   Code   RO         3385    i.IIC_Ack           softi2c.o
    0x08002a04   0x08002a04   0x00000024   Code   RO         3386    i.IIC_Init          softi2c.o
    0x08002a28   0x08002a28   0x0000004c   Code   RO         3387    i.IIC_NAck          softi2c.o
    0x08002a74   0x08002a74   0x00000068   Code   RO         3388    i.IIC_ReadByte      softi2c.o
    0x08002adc   0x08002adc   0x00000074   Code   RO         3390    i.IIC_ReadMultByteFromSlave  softi2c.o
    0x08002b50   0x08002b50   0x00000070   Code   RO         3391    i.IIC_SendByte      softi2c.o
    0x08002bc0   0x08002bc0   0x00000054   Code   RO         3392    i.IIC_Start         softi2c.o
    0x08002c14   0x08002c14   0x00000050   Code   RO         3393    i.IIC_Stop          softi2c.o
    0x08002c64   0x08002c64   0x00000058   Code   RO         3394    i.IIC_WaitAck       softi2c.o
    0x08002cbc   0x08002cbc   0x0000004a   Code   RO         3395    i.IIC_WriteByteToSlave  softi2c.o
    0x08002d06   0x08002d06   0x00000002   PAD
    0x08002d08   0x08002d08   0x0000004c   Code   RO         2525    i.InitSystick       sys.o
    0x08002d54   0x08002d54   0x0000007c   Code   RO         3248    i.LED_trun          gpio.o
    0x08002dd0   0x08002dd0   0x0000008a   Code   RO         3575    i.MPU9250_Get_Raw_data  i2c_mpu9250.o
    0x08002e5a   0x08002e5a   0x00000098   Code   RO         3577    i.MPU9250_Init      i2c_mpu9250.o
    0x08002ef2   0x08002ef2   0x0000001a   Code   RO         3579    i.MPU9250_Read_Len  i2c_mpu9250.o
    0x08002f0c   0x08002f0c   0x0000002c   Code   RO         3397    i.MPU9250_SCL_Out   softi2c.o
    0x08002f38   0x08002f38   0x0000002c   Code   RO         3398    i.MPU9250_SDA_In    softi2c.o
    0x08002f64   0x08002f64   0x0000002c   Code   RO         3399    i.MPU9250_SDA_Out   softi2c.o
    0x08002f90   0x08002f90   0x00000012   Code   RO         3580    i.MPU9250_Set_Accel_Fsr  i2c_mpu9250.o
    0x08002fa2   0x08002fa2   0x00000012   Code   RO         3581    i.MPU9250_Set_Gyro_Fsr  i2c_mpu9250.o
    0x08002fb4   0x08002fb4   0x0000003c   Code   RO         3582    i.MPU9250_Set_LPF   i2c_mpu9250.o
    0x08002ff0   0x08002ff0   0x0000003c   Code   RO         3583    i.MPU9250_Set_Rate  i2c_mpu9250.o
    0x0800302c   0x0800302c   0x00000016   Code   RO         3584    i.MPU9250_Write_Byte  i2c_mpu9250.o
    0x08003042   0x08003042   0x00000002   PAD
    0x08003044   0x08003044   0x00000070   Code   RO         1152    i.NVIC_Init         hal_misc.o
    0x080030b4   0x080030b4   0x00000078   Code   RO         2526    i.NVIC_SetPriority  sys.o
    0x0800312c   0x0800312c   0x00000198   Code   RO         2847    i.PWM_Init          motor.o
    0x080032c4   0x080032c4   0x00000018   Code   RO         2848    i.PWM_Set_Duty      motor.o
    0x080032dc   0x080032dc   0x00000020   Code   RO         1293    i.RCC_AHBPeriphClockCmd  hal_rcc.o
    0x080032fc   0x080032fc   0x00000020   Code   RO         1294    i.RCC_APB1PeriphClockCmd  hal_rcc.o
    0x0800331c   0x0800331c   0x00000020   Code   RO         1296    i.RCC_APB2PeriphClockCmd  hal_rcc.o
    0x0800333c   0x0800333c   0x00000024   Code   RO         2527    i.RCC_ConfigInit    sys.o
    0x08003360   0x08003360   0x000000fc   Code   RO         1303    i.RCC_GetClocksFreq  hal_rcc.o
    0x0800345c   0x0800345c   0x00000008   Code   RO         2484    i.SetSysClock       system_mm32spin2xx_p.o
    0x08003464   0x08003464   0x00000130   Code   RO         2485    i.SetSysClockToXX_HSI  system_mm32spin2xx_p.o
    0x08003594   0x08003594   0x00000024   Code   RO         1155    i.SysTick_CLKSourceConfig  hal_misc.o
    0x080035b8   0x080035b8   0x00000038   Code   RO         2528    i.SysTick_Handler   sys.o
    0x080035f0   0x080035f0   0x00000064   Code   RO         2486    i.SystemInit        system_mm32spin2xx_p.o
    0x08003654   0x08003654   0x00000046   Code   RO         2648    i.TFTSPI_Addr_Rst   lcd.o
    0x0800369a   0x0800369a   0x00000024   Code   RO         2650    i.TFTSPI_CLS        lcd.o
    0x080036be   0x080036be   0x00000002   PAD
    0x080036c0   0x080036c0   0x00000200   Code   RO         2657    i.TFTSPI_Init       lcd.o
    0x080038c0   0x080038c0   0x00000064   Code   RO         2672    i.TFTSPI_Write_Byte  lcd.o
    0x08003924   0x08003924   0x00000064   Code   RO         2673    i.TFTSPI_Write_Cmd  lcd.o
    0x08003988   0x08003988   0x00000064   Code   RO         2674    i.TFTSPI_Write_Word  lcd.o
    0x080039ec   0x080039ec   0x0000001c   Code   RO         2895    i.TIM14_IRQHandler  timer.o
    0x08003a08   0x08003a08   0x00000358   Code   RO         2896    i.TIM16_IRQHandler  timer.o
    0x08003d60   0x08003d60   0x0000001c   Code   RO         2897    i.TIM17_IRQHandler  timer.o
    0x08003d7c   0x08003d7c   0x0000001c   Code   RO         2898    i.TIM1_BRK_UP_TRG_COM_IRQHandler  timer.o
    0x08003d98   0x08003d98   0x00000134   Code   RO         2899    i.TIMER_InitConfig  timer.o
    0x08003ecc   0x08003ecc   0x0000001c   Code   RO         1641    i.TIM_ARRPreloadConfig  hal_tim.o
    0x08003ee8   0x08003ee8   0x00000006   Code   RO         1648    i.TIM_ClearITPendingBit  hal_tim.o
    0x08003eee   0x08003eee   0x00000002   PAD
    0x08003ef0   0x08003ef0   0x0000001c   Code   RO         1654    i.TIM_Cmd           hal_tim.o
    0x08003f0c   0x08003f0c   0x0000001a   Code   RO         1656    i.TIM_CtrlPWMOutputs  hal_tim.o
    0x08003f26   0x08003f26   0x00000026   Code   RO         1676    i.TIM_GetITStatus   hal_tim.o
    0x08003f4c   0x08003f4c   0x00000014   Code   RO         1680    i.TIM_ITConfig      hal_tim.o
    0x08003f60   0x08003f60   0x00000098   Code   RO         1685    i.TIM_OC1Init       hal_tim.o
    0x08003ff8   0x08003ff8   0x0000001c   Code   RO         1688    i.TIM_OC1PreloadConfig  hal_tim.o
    0x08004014   0x08004014   0x000000b8   Code   RO         1690    i.TIM_OC2Init       hal_tim.o
    0x080040cc   0x080040cc   0x0000001c   Code   RO         1693    i.TIM_OC2PreloadConfig  hal_tim.o
    0x080040e8   0x080040e8   0x000000a8   Code   RO         1695    i.TIM_OC3Init       hal_tim.o
    0x08004190   0x08004190   0x0000001c   Code   RO         1698    i.TIM_OC3PreloadConfig  hal_tim.o
    0x080041ac   0x080041ac   0x00000080   Code   RO         1700    i.TIM_OC4Init       hal_tim.o
    0x0800422c   0x0800422c   0x0000001c   Code   RO         1702    i.TIM_OC4PreloadConfig  hal_tim.o
    0x08004248   0x08004248   0x0000007c   Code   RO         1732    i.TIM_TimeBaseInit  hal_tim.o
    0x080042c4   0x080042c4   0x00000034   Code   RO         3164    i.UART1_IRQHandler  bluetooth.o
    0x080042f8   0x080042f8   0x00000004   Code   RO         2245    i.UART_ClearITPendingBit  hal_uart.o
    0x080042fc   0x080042fc   0x0000001c   Code   RO         2246    i.UART_Cmd          hal_uart.o
    0x08004318   0x08004318   0x0000000e   Code   RO         3165    i.UART_GetChar      bluetooth.o
    0x08004326   0x08004326   0x00000014   Code   RO         2250    i.UART_GetFlagStatus  hal_uart.o
    0x0800433a   0x0800433a   0x00000014   Code   RO         2253    i.UART_ITConfig     hal_uart.o
    0x0800434e   0x0800434e   0x00000002   PAD
    0x08004350   0x08004350   0x0000007c   Code   RO         2254    i.UART_Init         hal_uart.o
    0x080043cc   0x080043cc   0x00000040   Code   RO         3168    i.UART_RX_IRQ_Config  bluetooth.o
    0x0800440c   0x0800440c   0x00000008   Code   RO         2255    i.UART_ReceiveData  hal_uart.o
    0x08004414   0x08004414   0x00000006   Code   RO         2258    i.UART_SendData     hal_uart.o
    0x0800441a   0x0800441a   0x00000002   PAD
    0x0800441c   0x0800441c   0x00000094   Code   RO         3345    i.Yijielvbo         angle.o
    0x080044b0   0x080044b0   0x0000001c   Code   RO         3027    i.__ARM_common_switch8  adc.o
    0x080044cc   0x080044cc   0x0000002c   Code   RO         4777    i.__ARM_fpclassify  m_ps.l(fpclassify.o)
    0x080044f8   0x080044f8   0x000000ac   Code   RO         4779    i.__kernel_poly     m_ps.l(poly.o)
    0x080045a4   0x080045a4   0x0000000a   Code   RO         4764    i.__mathlib_dbl_infnan  m_ps.l(dunder.o)
    0x080045ae   0x080045ae   0x00000008   Code   RO         4765    i.__mathlib_dbl_infnan2  m_ps.l(dunder.o)
    0x080045b6   0x080045b6   0x00000002   PAD
    0x080045b8   0x080045b8   0x00000014   Code   RO         4769    i.__mathlib_dbl_underflow  m_ps.l(dunder.o)
    0x080045cc   0x080045cc   0x00000034   Code   RO         2989    i.adc_init          adc.o
    0x08004600   0x08004600   0x00000020   Code   RO         3346    i.angle_hanlder     angle.o
    0x08004620   0x08004620   0x00000048   Code   RO         3785    i.angle_is_normal   balance.o
    0x08004668   0x08004668   0x0000021c   Code   RO         4641    i.atan              m_ps.l(atan.o)
    0x08004884   0x08004884   0x00000178   Code   RO         4651    i.atan2             m_ps.l(atan2.o)
    0x080049fc   0x080049fc   0x000000c0   Code   RO         3786    i.balance           balance.o
    0x08004abc   0x08004abc   0x00000010   Code   RO         3249    i.beep_OFF          gpio.o
    0x08004acc   0x08004acc   0x00000010   Code   RO         3250    i.beep_ON           gpio.o
    0x08004adc   0x08004adc   0x0000003a   Code   RO         3251    i.beep_briefly_on   gpio.o
    0x08004b16   0x08004b16   0x0000000c   Code   RO         4407    i.button_attach     multi_button.o
    0x08004b22   0x08004b22   0x0000024c   Code   RO         4408    i.button_handler    multi_button.o
    0x08004d6e   0x08004d6e   0x00000042   Code   RO         4409    i.button_init       multi_button.o
    0x08004db0   0x08004db0   0x0000002c   Code   RO         4410    i.button_start      multi_button.o
    0x08004ddc   0x08004ddc   0x0000001c   Code   RO         4412    i.button_ticks      multi_button.o
    0x08004df8   0x08004df8   0x00000068   Code   RO         3551    i.buzzerDriverInit  buzzerdriver.o
    0x08004e60   0x08004e60   0x00000044   Code   RO         3501    i.buzzerSetNewFrequency  buzzerdriver.o
    0x08004ea4   0x08004ea4   0x0000012c   Code   RO         3085    i.cacl_error_1      speedcontrol.o
    0x08004fd0   0x08004fd0   0x00000050   Code   RO         2529    i.delayms           sys.o
    0x08005020   0x08005020   0x00000014   Code   RO         3587    i.delayms_mpu9250   i2c_mpu9250.o
    0x08005034   0x08005034   0x000001bc   Code   RO         2610    i.encoder_init      encoder.o
    0x080051f0   0x080051f0   0x00000034   Code   RO         3042    i.error_processing  trace.o
    0x08005224   0x08005224   0x0000001c   Code   RO         3086    i.float_Abs         speedcontrol.o
    0x08005240   0x08005240   0x00000012   Code   RO         3400    i.iic_delay         softi2c.o
    0x08005252   0x08005252   0x00000002   PAD
    0x08005254   0x08005254   0x00000088   Code   RO         3930    i.judgeOandY        control_task.o
    0x080052dc   0x080052dc   0x0000002c   Code   RO         2676    i.lq_tft_delayms    lcd.o
    0x08005308   0x08005308   0x00000054   Code   RO            3    i.main              main.o
    0x0800535c   0x0800535c   0x00000080   Code   RO         2849    i.motor_run         motor.o
    0x080053dc   0x080053dc   0x00000058   Code   RO         3503    i.music2Play        buzzerdriver.o
    0x08005434   0x08005434   0x000000d8   Code   RO         3505    i.music4Play        buzzerdriver.o
    0x0800550c   0x0800550c   0x000000c8   Code   RO         3506    i.musicPlay         buzzerdriver.o
    0x080055d4   0x080055d4   0x00000088   Code   RO         4468    i.my_button_init    my_multi_button.o
    0x0800565c   0x0800565c   0x00000040   Code   RO         2530    i.mysys_init        sys.o
    0x0800569c   0x0800569c   0x00000018   Code   RO         2531    i.nvic_init         sys.o
    0x080056b4   0x080056b4   0x00000010   Code   RO         4469    i.read_button1_GPIO  my_multi_button.o
    0x080056c4   0x080056c4   0x00000010   Code   RO         4470    i.read_button2_GPIO  my_multi_button.o
    0x080056d4   0x080056d4   0x000000ac   Code   RO         3787    i.set_pwm           balance.o
    0x08005780   0x08005780   0x0000000e   Code   RO         3956    i.shellBackspace    shell.o
    0x0800578e   0x0800578e   0x00000002   PAD
    0x08005790   0x08005790   0x00000044   Code   RO         3957    i.shellCheckPassword  shell.o
    0x080057d4   0x080057d4   0x0000003e   Code   RO         3958    i.shellCheckPermission  shell.o
    0x08005812   0x08005812   0x00000002   PAD
    0x08005814   0x08005814   0x0000001c   Code   RO         3959    i.shellClear        shell.o
    0x08005830   0x08005830   0x00000028   Code   RO         3960    i.shellClearCommandLine  shell.o
    0x08005858   0x08005858   0x00000014   Code   RO         3961    i.shellCmds         shell.o
    0x0800586c   0x0800586c   0x00000010   Code   RO         3962    i.shellDelete       shell.o
    0x0800587c   0x0800587c   0x000000de   Code   RO         3963    i.shellDeleteByte   shell.o
    0x0800595a   0x0800595a   0x00000002   PAD
    0x0800595c   0x0800595c   0x00000020   Code   RO         3964    i.shellDeleteCommandLine  shell.o
    0x0800597c   0x0800597c   0x00000010   Code   RO         3965    i.shellDown         shell.o
    0x0800598c   0x0800598c   0x00000014   Code   RO         3966    i.shellEnter        shell.o
    0x080059a0   0x080059a0   0x0000007c   Code   RO         3967    i.shellExec         shell.o
    0x08005a1c   0x08005a1c   0x0000005a   Code   RO         4326    i.shellExtNumType   shell_ext.o
    0x08005a76   0x08005a76   0x00000046   Code   RO         4327    i.shellExtParseChar  shell_ext.o
    0x08005abc   0x08005abc   0x000000e6   Code   RO         4328    i.shellExtParseNumber  shell_ext.o
    0x08005ba2   0x08005ba2   0x0000005c   Code   RO         4329    i.shellExtParsePara  shell_ext.o
    0x08005bfe   0x08005bfe   0x0000004a   Code   RO         4330    i.shellExtParseString  shell_ext.o
    0x08005c48   0x08005c48   0x00000026   Code   RO         4331    i.shellExtParseVar  shell_ext.o
    0x08005c6e   0x08005c6e   0x000000ce   Code   RO         4332    i.shellExtRun       shell_ext.o
    0x08005d3c   0x08005d3c   0x00000036   Code   RO         4333    i.shellExtToNum     shell_ext.o
    0x08005d72   0x08005d72   0x00000030   Code   RO         3968    i.shellGetCommandDesc  shell.o
    0x08005da2   0x08005da2   0x00000002   PAD
    0x08005da4   0x08005da4   0x00000050   Code   RO         3969    i.shellGetCommandName  shell.o
    0x08005df4   0x08005df4   0x00000034   Code   RO         3970    i.shellGetCurrent   shell.o
    0x08005e28   0x08005e28   0x00000056   Code   RO         3971    i.shellGetVarValue  shell.o
    0x08005e7e   0x08005e7e   0x00000002   PAD
    0x08005e80   0x08005e80   0x00000088   Code   RO         3973    i.shellHelp         shell.o
    0x08005f08   0x08005f08   0x000000c0   Code   RO         3974    i.shellHistory      shell.o
    0x08005fc8   0x08005fc8   0x00000080   Code   RO         3975    i.shellHistoryAdd   shell.o
    0x08006048   0x08006048   0x00000014   Code   RO         3978    i.shellKeys         shell.o
    0x0800605c   0x0800605c   0x0000001a   Code   RO         3979    i.shellLeft         shell.o
    0x08006076   0x08006076   0x0000000c   Code   RO         3980    i.shellListAll      shell.o
    0x08006082   0x08006082   0x00000002   PAD
    0x08006084   0x08006084   0x0000004c   Code   RO         3981    i.shellListCommand  shell.o
    0x080060d0   0x080060d0   0x000000f8   Code   RO         3982    i.shellListItem     shell.o
    0x080061c8   0x080061c8   0x0000005c   Code   RO         3983    i.shellListKey      shell.o
    0x08006224   0x08006224   0x0000005c   Code   RO         3984    i.shellListUser     shell.o
    0x08006280   0x08006280   0x0000005c   Code   RO         3985    i.shellListVar      shell.o
    0x080062dc   0x080062dc   0x00000096   Code   RO         3987    i.shellParserParam  shell.o
    0x08006372   0x08006372   0x00000068   Code   RO         3989    i.shellRemoveParamQuotes  shell.o
    0x080063da   0x080063da   0x0000001e   Code   RO         3990    i.shellRight        shell.o
    0x080063f8   0x080063f8   0x000000b4   Code   RO         3992    i.shellRunCommand   shell.o
    0x080064ac   0x080064ac   0x00000082   Code   RO         3993    i.shellSeekCommand  shell.o
    0x0800652e   0x0800652e   0x00000002   PAD
    0x08006530   0x08006530   0x00000068   Code   RO         3994    i.shellSetUser      shell.o
    0x08006598   0x08006598   0x0000006c   Code   RO         3995    i.shellSetVar       shell.o
    0x08006604   0x08006604   0x00000098   Code   RO         3996    i.shellSetVarValue  shell.o
    0x0800669c   0x0800669c   0x000000c4   Code   RO         3997    i.shellShowVar      shell.o
    0x08006760   0x08006760   0x0000002e   Code   RO         3998    i.shellStringCompare  shell.o
    0x0800678e   0x0800678e   0x00000018   Code   RO         3999    i.shellStringCopy   shell.o
    0x080067a6   0x080067a6   0x00000002   PAD
    0x080067a8   0x080067a8   0x00000124   Code   RO         4000    i.shellTab          shell.o
    0x080068cc   0x080068cc   0x0000005a   Code   RO         4002    i.shellToDec        shell.o
    0x08006926   0x08006926   0x00000038   Code   RO         4003    i.shellToHex        shell.o
    0x0800695e   0x0800695e   0x0000000e   Code   RO         4004    i.shellUp           shell.o
    0x0800696c   0x0800696c   0x00000014   Code   RO         4005    i.shellUsers        shell.o
    0x08006980   0x08006980   0x00000014   Code   RO         4006    i.shellVars         shell.o
    0x08006994   0x08006994   0x0000000e   Code   RO         4007    i.shellWriteByte    shell.o
    0x080069a2   0x080069a2   0x00000054   Code   RO         4008    i.shellWriteCommandDesc  shell.o
    0x080069f6   0x080069f6   0x00000002   PAD
    0x080069f8   0x080069f8   0x00000070   Code   RO         4009    i.shellWriteCommandLine  shell.o
    0x08006a68   0x08006a68   0x00000088   Code   RO         4010    i.shellWriteReturnValue  shell.o
    0x08006af0   0x08006af0   0x00000028   Code   RO         4011    i.shellWriteString  shell.o
    0x08006b18   0x08006b18   0x00000048   Code   RO         4659    i.sqrt              m_ps.l(sqrt.o)
    0x08006b60   0x08006b60   0x0000000e   Code   RO         2677    i.tft18delay_1us    lcd.o
    0x08006b6e   0x08006b6e   0x00000002   PAD
    0x08006b70   0x08006b70   0x00000070   Code   RO         3788    i.turn              balance.o
    0x08006be0   0x08006be0   0x0000012c   Code   RO         3789    i.velocity          balance.o
    0x08006d0c   0x08006d0c   0x00000064   Code   RO         4609    x$fpl$dleqf         fz_ps.l(dlef.o)
    0x08006d70   0x08006d70   0x00000068   Code   RO         4613    x$fpl$drleqf        fz_ps.l(drlef.o)
    0x08006dd8   0x08006dd8   0x0000008c   Code   RO         4617    x$fpl$fadd          fz_ps.l(faddsub.o)
    0x08006e64   0x08006e64   0x00000054   Code   RO         4632    x$fpl$fleqf         fz_ps.l(flef.o)
    0x08006eb8   0x08006eb8   0x000000b0   Code   RO         4634    x$fpl$fmul          fz_ps.l(fmul.o)
    0x08006f68   0x08006f68   0x00000058   Code   RO         4636    x$fpl$frleqf        fz_ps.l(frlef.o)
    0x08006fc0   0x08006fc0   0x000000d0   Code   RO         4619    x$fpl$fsub          fz_ps.l(faddsub.o)
    0x08007090   0x08007090   0x00000000   Code   RO         4762    x$fpl$usenofp       fz_ps.l(usenofp.o)
    0x08007090   0x08007090   0x0000001c   Data   RO         2901    .constdata          timer.o
    0x080070ac   0x080070ac   0x0000000e   Data   RO         3348    .constdata          angle.o
    0x080070ba   0x080070ba   0x00000002   PAD
    0x080070bc   0x080070bc   0x00001408   Data   RO         3507    .constdata          buzzerdriver.o
    0x080084c4   0x080084c4   0x000000e3   Data   RO         4013    .constdata          shell.o
    0x080085a7   0x080085a7   0x00000080   Data   RO         4603    .constdata          fz_ps.l(ddiv.o)
    0x08008627   0x08008627   0x00000040   Data   RO         4624    .constdata          fz_ps.l(fdiv.o)
    0x08008667   0x08008667   0x00000001   PAD
    0x08008668   0x08008668   0x00000098   Data   RO         4642    .constdata          m_ps.l(atan.o)
    0x08008700   0x08008700   0x00000008   Data   RO         4781    .constdata          m_ps.l(qnan.o)
    0x08008708   0x08008708   0x000002a5   Data   RO         4014    .conststring        shell.o
    0x080089ad   0x080089ad   0x00000003   PAD
    0x080089b0   0x080089b0   0x00000020   Data   RO         4992    Region$$Table       anon$$obj.o
    0x080089d0   0x080089d0   0x00000010   Data   RO         3350    shellCommand        angle.o
    0x080089e0   0x080089e0   0x00000010   Data   RO         3509    shellCommand        buzzerdriver.o
    0x080089f0   0x080089f0   0x00000120   Data   RO         4016    shellCommand        shell.o


    Execution Region RW_IRAM1 (Exec base: 0x20000000, Load base: 0x08008b10, Size: 0x000009d8, Max: 0x00003000, ABSOLUTE, COMPRESSED[0x000000e0])

    Exec Addr    Load Addr    Size         Type   Attr      Idx    E Section Name        Object

    0x20000000   COMPRESSED   0x00000010   Data   RW         1320    .data               hal_rcc.o
    0x20000010   COMPRESSED   0x00000014   Data   RW         2487    .data               system_mm32spin2xx_p.o
    0x20000024   COMPRESSED   0x00000010   Data   RW         2532    .data               sys.o
    0x20000034   COMPRESSED   0x00000034   Data   RW         2902    .data               timer.o
    0x20000068   COMPRESSED   0x00000020   Data   RW         2990    .data               adc.o
    0x20000088   COMPRESSED   0x000000b0   Data   RW         3092    .data               speedcontrol.o
    0x20000138   COMPRESSED   0x00000004   Data   RW         3258    .data               gpio.o
    0x2000013c   COMPRESSED   0x0000001c   Data   RW         3349    .data               angle.o
    0x20000158   COMPRESSED   0x00000004   Data   RW         3401    .data               softi2c.o
    0x2000015c   COMPRESSED   0x0000006b   Data   RW         3508    .data               buzzerdriver.o
    0x200001c7   COMPRESSED   0x00000009   Data   RW         3709    .data               data_transfer.o
    0x200001d0   COMPRESSED   0x0000004c   Data   RW         3790    .data               balance.o
    0x2000021c   COMPRESSED   0x0000000c   Data   RW         3931    .data               control_task.o
    0x20000228   COMPRESSED   0x00000054   Data   RW         4015    .data               shell.o
    0x2000027c   COMPRESSED   0x00000001   Data   RW         4379    .data               shell_port.o
    0x2000027d   COMPRESSED   0x00000003   PAD
    0x20000280   COMPRESSED   0x00000004   Data   RW         4414    .data               multi_button.o
    0x20000284   COMPRESSED   0x00000001   Data   RW         4472    .data               my_multi_button.o
    0x20000285   COMPRESSED   0x00000003   PAD
    0x20000288        -       0x0000000e   Zero   RW         3347    .bss                angle.o
    0x20000296        -       0x00000070   Zero   RW         3708    .bss                data_transfer.o
    0x20000306   COMPRESSED   0x00000002   PAD
    0x20000308        -       0x0000001d   Zero   RW         4012    .bss                shell.o
    0x20000325   COMPRESSED   0x00000003   PAD
    0x20000328        -       0x00000050   Zero   RW         4471    .bss                my_multi_button.o
    0x20000378        -       0x00000060   Zero   RW         4843    .bss                c_p.l(libspace.o)
    0x200003d8        -       0x00000200   Zero   RW         2475    HEAP                startup_mm32spin2xx_p.o
    0x200005d8        -       0x00000400   Zero   RW         2474    STACK               startup_mm32spin2xx_p.o


==============================================================================

Image component sizes


      Code (inc. data)   RO Data    RW Data    ZI Data      Debug   Object Name

       320         26          0         32          0       2317   adc.o
       428         74         30         28         14       3190   angle.o
       848        142          0         76          0       3880   balance.o
       282         22          0          0          0       2692   bluetooth.o
       676        120       5144        107          0       7287   buzzerdriver.o
       136         30          0         12          0        894   control_task.o
      3040        176          0          9        112       9699   data_transfer.o
       444         12          0          0          0        651   encoder.o
       370         46          0          4          0       4017   gpio.o
       172          8          0          0          0     112995   hal_adc.o
       320          0          0          0          0       9051   hal_gpio.o
       148         10          0          0          0       2286   hal_misc.o
       348         38          0         16          0       4738   hal_rcc.o
      1014        174          0          0          0      29334   hal_tim.o
       210         10          0          0          0       8644   hal_uart.o
       514          0          0          0          0       5688   i2c_mpu9250.o
       976         20          0          0          0       4721   lcd.o
        84          0          0          0          0     140851   main.o
       560         40          0          0          0       1966   motor.o
       738         20          0          4          0       4373   multi_button.o
       444        114          0          1         80       5193   my_multi_button.o
      4144        196       1192         84         29      39265   shell.o
       854         10          0          0          0       6206   shell_ext.o
         0          0          0          1          0        754   shell_port.o
       996         68          0          4          0       8167   softi2c.o
       342         36          0        176          0       5400   speedcontrol.o
       144         64        180          0       1536        836   startup_mm32spin2xx_p.o
       456         62          0         16          0     103347   sys.o
       518         40          0         20          0       3088   system_mm32spin2xx_p.o
      1248        150         28         52          0      99227   timer.o
        52         22          0          0          0        527   trace.o

    ----------------------------------------------------------------------
     20864       1730       6611        648       1776     631284   Object Totals
         0          0         32          0          0          0   (incl. Generated)
        38          0          5          6          5          0   (incl. Padding)

    ----------------------------------------------------------------------

      Code (inc. data)   RO Data    RW Data    ZI Data      Debug   Library Member Name

        86          0          0          0          0          0   __dczerorl2.o
         8          0          0          0          0         68   __main.o
         0          0          0          0          0          0   __rtentry.o
        12          0          0          0          0          0   __rtentry2.o
         6          0          0          0          0          0   __rtentry4.o
        60          8          0          0          0          0   __scatter.o
        28          0          0          0          0          0   __scatter_zi.o
        22          0          0          0          0         92   _rserrno.o
       346          0          0          0          0         92   aeabi_sdiv.o
        16          0          0          0          0         68   exit.o
         6          0          0          0          0        136   heapauxi.o
         0          0          0          0          0          0   indicate_semi.o
         2          0          0          0          0          0   libinit.o
         2          0          0          0          0          0   libinit2.o
         2          0          0          0          0          0   libshutdown.o
         2          0          0          0          0          0   libshutdown2.o
         8          4          0          0         96         68   libspace.o
       258          0          0          0          0         88   lludiv.o
         8          4          0          0          0         68   rt_errno_addr_intlibspace.o
        64          0          0          0          0        108   rt_memclr.o
         2          0          0          0          0          0   rtexit.o
        10          0          0          0          0          0   rtexit2.o
       136          4          0          0          0         72   strcmp.o
        68          6          0          0          0         72   strlen.o
       160          6          0          0          0         76   strncmp.o
        12          4          0          0          0         60   sys_exit.o
        62          0          0          0          0         80   sys_stackheap_outer.o
         2          0          0          0          0         68   use_no_semi.o
        46          0          0          0          0         60   cmpret.o
       124          4          0          0          0         72   d2f.o
       856         20          0          0          0        208   daddsub.o
       144          4          0          0          0         76   dcmpin.o
      1096         26        128          0          0        112   ddiv.o
       108         10          0          0          0         72   dfixi.o
        88          0          0          0          0         92   dflti.o
       100          4          0          0          0         92   dlef.o
       584         26          0          0          0         84   dmul.o
        20          6          0          0          0         68   dnan2.o
       104          4          0          0          0        104   drlef.o
        96         12          0          0          0         72   dscalbn.o
       256          8          0          0          0         76   dsqrt.o
        84          4          0          0          0         60   f2d.o
       348          8          0          0          0        160   faddsub.o
       100          4          0          0          0         68   fcmpin.o
       352         10         64          0          0         92   fdiv.o
        76          0          0          0          0         68   ffixi.o
        94          0          0          0          0         92   fflti.o
        84          4          0          0          0         76   flef.o
       176          4          0          0          0         80   fmul.o
        16          6          0          0          0         68   fnan2.o
        88          4          0          0          0         76   frlef.o
        94          0          0          0          0         68   retnan.o
         0          0          0          0          0          0   usenofp.o
       540         68        152          0          0        112   atan.o
       376         42          0          0          0        144   atan2.o
        38          6          0          0          0        204   dunder.o
        44          4          0          0          0         60   fpclassify.o
       172          0          0          0          0         76   poly.o
         0          0          8          0          0          0   qnan.o
        72          6          0          0          0         76   sqrt.o

    ----------------------------------------------------------------------
      7772        330        353          0         96       3984   Library Totals
         8          0          1          0          0          0   (incl. Padding)

    ----------------------------------------------------------------------

      Code (inc. data)   RO Data    RW Data    ZI Data      Debug   Library Name

      1388         36          0          0         96       1216   c_p.l
      5134        168        192          0          0       2096   fz_ps.l
      1242        126        160          0          0        672   m_ps.l

    ----------------------------------------------------------------------
      7772        330        353          0         96       3984   Library Totals

    ----------------------------------------------------------------------

==============================================================================


      Code (inc. data)   RO Data    RW Data    ZI Data      Debug   

     28636       2060       6964        648       1872     624460   Grand Totals
     28636       2060       6964        224       1872     624460   ELF Image Totals (compressed)
     28636       2060       6964        224          0          0   ROM Totals

==============================================================================

    Total RO  Size (Code + RO Data)                35600 (  34.77kB)
    Total RW  Size (RW Data + ZI Data)              2520 (   2.46kB)
    Total ROM Size (Code + RO Data + RW Data)      35824 (  34.98kB)

==============================================================================

