<html>
<body>
<pre>
<h1>礦ision Build Log</h1>
<h2>Tool Versions:</h2>
IDE-Version: μVision V5.14.0.0
Copyright (C) 2015 ARM Ltd and ARM Germany GmbH. All rights reserved.
License Information: yue zhaokun, 123, LIC=BUURY-IIMWI-BSQYX-H8FRI-ALN2R-T1CX8
 
Tool Versions:
Toolchain:       MDK-ARM Standard  Version: 5.14.0.0
Toolchain Path:  F:\software\MDK5\ARM\ARMCC\Bin
C Compiler:      Armcc.exe V5.05 update 1 (build 106)
Assembler:       Armasm.exe V5.05 update 1 (build 106)
Linker/Locator:  ArmLink.exe V5.05 update 1 (build 106)
Library Manager: ArmAr.exe V5.05 update 1 (build 106)
Hex Converter:   FromElf.exe V5.05 update 1 (build 106)
CPU DLL:         SARMCM3.DLL V5.14.0.0
Dialog DLL:      DARMCM1.DLL V1.12.0.0
Target DLL:      UL2CM3.DLL V1.155.0.0
Dialog DLL:      TARMCM1.DLL V1.9.0.0
 
<h2>Project:</h2>
F:\Users\岳照坤\Desktop\MM32工程模板\USER\Template.uvprojx
Project File Date:  03/26/2021

<h2>Output:</h2>
Build target 'Template'
compiling main.c...
linking...
Program Size: Code=1280 RO-data=212 RW-data=20 ZI-data=1636  
".\Objects\Template.axf" - 0 Error(s), 0 Warning(s).

<h2>Collection of Component include folders:</h2>
  F:\Users\岳照坤\Desktop\MM32工程模板\USER\RTE

<h2>Collection of Component Files used:</h2>
</pre>
</body>
</html>
