<html>
<body>
<pre>
<h1>礦ision Build Log</h1>
<h2>Tool Versions:</h2>
IDE-Version: μVision V5.27.1.0
Copyright (C) 2019 ARM Ltd and ARM Germany GmbH. All rights reserved.
License Information: Xueyang Ma, NJUST, LIC=PE7DL-0QQ6R-HL1CL-0QKEU-NH0EQ-JX80E
 
Tool Versions:
Toolchain:       MDK-ARM Plus  Version: 5.27.1.0
Toolchain Path:  D:\Program Files\Keil_v5\ARM\ARMCC\Bin
C Compiler:      Armcc.exe V5.06 update 6 (build 750)
Assembler:       Armasm.exe V5.06 update 6 (build 750)
Linker/Locator:  ArmLink.exe V5.06 update 6 (build 750)
Library Manager: ArmAr.exe V5.06 update 6 (build 750)
Hex Converter:   FromElf.exe V5.06 update 6 (build 750)
CPU DLL:         SARMCM3.DLL V5.27.1.0
Dialog DLL:      DARMCM1.DLL V1.19.2.0
Target DLL:      CMSIS_AGDI.dll V1.31.17.0
Dialog DLL:      TARMCM1.DLL V1.14.1.0
 
<h2>Project:</h2>
D:\shared documents\prj\飞卡\直立0623-4直立继续调\USER\Template.uvprojx
Project File Date:  07/04/2021

<h2>Output:</h2>
*** Using Compiler 'V5.06 update 6 (build 750)', folder: 'D:\Program Files\Keil_v5\ARM\ARMCC\Bin'
Build target 'Template'
compiling timer.c...
..\HARDWARE\hellodata/hellodata.h(7): warning:  #1-D: last line of file ends without a newline
  #endif
..\HARDWARE\TIMER\timer.c(98): warning:  #188-D: enumerated type mixed with another type
  		__ExecuteOnce(adc_left_last=ADC1_Read(0));
..\HARDWARE\TIMER\timer.c(98): warning:  #188-D: enumerated type mixed with another type
  		__ExecuteOnce(adc_left_last=ADC1_Read(0));
..\HARDWARE\TIMER\timer.c(99): warning:  #188-D: enumerated type mixed with another type
  		__ExecuteOnce(adc_right_last=ADC1_Read(6));
..\HARDWARE\TIMER\timer.c(99): warning:  #188-D: enumerated type mixed with another type
  		__ExecuteOnce(adc_right_last=ADC1_Read(6));
..\HARDWARE\TIMER\timer.c(53): warning:  #550-D: variable "adc_left_last"  was set but never used
  	static int adc_left_last; 
..\HARDWARE\TIMER\timer.c(54): warning:  #177-D: variable "adc_left_filt_flag"  was declared but never referenced
  	static u32 adc_left_filt_flag = 0;
..\HARDWARE\TIMER\timer.c(55): warning:  #550-D: variable "adc_right_last"  was set but never used
  	static int adc_right_last; 
..\HARDWARE\TIMER\timer.c(56): warning:  #177-D: variable "adc_right_filt_flag"  was declared but never referenced
  	static u32 adc_right_filt_flag = 0;
..\HARDWARE\TIMER\timer.c: 9 warnings, 0 errors
linking...
Program Size: Code=28796 RO-data=7156 RW-data=676 ZI-data=1876  
FromELF: creating hex file...
"..\OBJ\Template.axf" - 0 Error(s), 9 Warning(s).

<h2>Software Packages used:</h2>

Package Vendor: MindMotion
                http://www.mindmotion.com.cn/Download/MDK_KEIL/MindMotion.MM32SPIN2x_DFP.1.1.4.pack
                MindMotion.MM32SPIN2x_DFP.1.1.4
                MindMotion MM32SPIN2x Series Device Support, Drivers and Examples

<h2>Collection of Component include folders:</h2>
  .\RTE\_Template

<h2>Collection of Component Files used:</h2>
Build Time Elapsed:  00:00:02
</pre>
</body>
</html>
